Archive member included to satisfy reference by file (symbol)

C:/ST/STM32CubeIDE_1.19.0/STM32CubeIDE/plugins/com.st.stm32cube.ide.mcu.externaltools.gnu-tools-for-stm32.13.3.rel1.win32_1.0.100.202509120712/tools/bin/../lib/gcc/arm-none-eabi/13.3.1/../../../../arm-none-eabi/lib/thumb/v7e-m/nofp\libc_nano.a(libc_a-assert.o)
                              ./Core/lfs/lfs.o (__assert_func)
C:/ST/STM32CubeIDE_1.19.0/STM32CubeIDE/plugins/com.st.stm32cube.ide.mcu.externaltools.gnu-tools-for-stm32.13.3.rel1.win32_1.0.100.202509120712/tools/bin/../lib/gcc/arm-none-eabi/13.3.1/../../../../arm-none-eabi/lib/thumb/v7e-m/nofp\libc_nano.a(libc_a-exit.o)
                              C:/ST/STM32CubeIDE_1.19.0/STM32CubeIDE/plugins/com.st.stm32cube.ide.mcu.externaltools.gnu-tools-for-stm32.13.3.rel1.win32_1.0.100.202509120712/tools/bin/../lib/gcc/arm-none-eabi/13.3.1/../../../../arm-none-eabi/lib/thumb/v7e-m/nofp/crt0.o (exit)
C:/ST/STM32CubeIDE_1.19.0/STM32CubeIDE/plugins/com.st.stm32cube.ide.mcu.externaltools.gnu-tools-for-stm32.13.3.rel1.win32_1.0.100.202509120712/tools/bin/../lib/gcc/arm-none-eabi/13.3.1/../../../../arm-none-eabi/lib/thumb/v7e-m/nofp\libc_nano.a(libc_a-malloc.o)
                              ./Core/lfs/lfs.o (malloc)
C:/ST/STM32CubeIDE_1.19.0/STM32CubeIDE/plugins/com.st.stm32cube.ide.mcu.externaltools.gnu-tools-for-stm32.13.3.rel1.win32_1.0.100.202509120712/tools/bin/../lib/gcc/arm-none-eabi/13.3.1/../../../../arm-none-eabi/lib/thumb/v7e-m/nofp\libc_nano.a(libc_a-mallocr.o)
                              C:/ST/STM32CubeIDE_1.19.0/STM32CubeIDE/plugins/com.st.stm32cube.ide.mcu.externaltools.gnu-tools-for-stm32.13.3.rel1.win32_1.0.100.202509120712/tools/bin/../lib/gcc/arm-none-eabi/13.3.1/../../../../arm-none-eabi/lib/thumb/v7e-m/nofp\libc_nano.a(libc_a-malloc.o) (_malloc_r)
C:/ST/STM32CubeIDE_1.19.0/STM32CubeIDE/plugins/com.st.stm32cube.ide.mcu.externaltools.gnu-tools-for-stm32.13.3.rel1.win32_1.0.100.202509120712/tools/bin/../lib/gcc/arm-none-eabi/13.3.1/../../../../arm-none-eabi/lib/thumb/v7e-m/nofp\libc_nano.a(libc_a-mlock.o)
                              C:/ST/STM32CubeIDE_1.19.0/STM32CubeIDE/plugins/com.st.stm32cube.ide.mcu.externaltools.gnu-tools-for-stm32.13.3.rel1.win32_1.0.100.202509120712/tools/bin/../lib/gcc/arm-none-eabi/13.3.1/../../../../arm-none-eabi/lib/thumb/v7e-m/nofp\libc_nano.a(libc_a-mallocr.o) (__malloc_lock)
C:/ST/STM32CubeIDE_1.19.0/STM32CubeIDE/plugins/com.st.stm32cube.ide.mcu.externaltools.gnu-tools-for-stm32.13.3.rel1.win32_1.0.100.202509120712/tools/bin/../lib/gcc/arm-none-eabi/13.3.1/../../../../arm-none-eabi/lib/thumb/v7e-m/nofp\libc_nano.a(libc_a-findfp.o)
                              C:/ST/STM32CubeIDE_1.19.0/STM32CubeIDE/plugins/com.st.stm32cube.ide.mcu.externaltools.gnu-tools-for-stm32.13.3.rel1.win32_1.0.100.202509120712/tools/bin/../lib/gcc/arm-none-eabi/13.3.1/../../../../arm-none-eabi/lib/thumb/v7e-m/nofp\libc_nano.a(libc_a-exit.o) (__stdio_exit_handler)
C:/ST/STM32CubeIDE_1.19.0/STM32CubeIDE/plugins/com.st.stm32cube.ide.mcu.externaltools.gnu-tools-for-stm32.13.3.rel1.win32_1.0.100.202509120712/tools/bin/../lib/gcc/arm-none-eabi/13.3.1/../../../../arm-none-eabi/lib/thumb/v7e-m/nofp\libc_nano.a(libc_a-fprintf.o)
                              C:/ST/STM32CubeIDE_1.19.0/STM32CubeIDE/plugins/com.st.stm32cube.ide.mcu.externaltools.gnu-tools-for-stm32.13.3.rel1.win32_1.0.100.202509120712/tools/bin/../lib/gcc/arm-none-eabi/13.3.1/../../../../arm-none-eabi/lib/thumb/v7e-m/nofp\libc_nano.a(libc_a-assert.o) (fiprintf)
C:/ST/STM32CubeIDE_1.19.0/STM32CubeIDE/plugins/com.st.stm32cube.ide.mcu.externaltools.gnu-tools-for-stm32.13.3.rel1.win32_1.0.100.202509120712/tools/bin/../lib/gcc/arm-none-eabi/13.3.1/../../../../arm-none-eabi/lib/thumb/v7e-m/nofp\libc_nano.a(libc_a-fwalk.o)
                              C:/ST/STM32CubeIDE_1.19.0/STM32CubeIDE/plugins/com.st.stm32cube.ide.mcu.externaltools.gnu-tools-for-stm32.13.3.rel1.win32_1.0.100.202509120712/tools/bin/../lib/gcc/arm-none-eabi/13.3.1/../../../../arm-none-eabi/lib/thumb/v7e-m/nofp\libc_nano.a(libc_a-findfp.o) (_fwalk_sglue)
C:/ST/STM32CubeIDE_1.19.0/STM32CubeIDE/plugins/com.st.stm32cube.ide.mcu.externaltools.gnu-tools-for-stm32.13.3.rel1.win32_1.0.100.202509120712/tools/bin/../lib/gcc/arm-none-eabi/13.3.1/../../../../arm-none-eabi/lib/thumb/v7e-m/nofp\libc_nano.a(libc_a-printf.o)
                              ./Core/lfs/lfs.o (printf)
C:/ST/STM32CubeIDE_1.19.0/STM32CubeIDE/plugins/com.st.stm32cube.ide.mcu.externaltools.gnu-tools-for-stm32.13.3.rel1.win32_1.0.100.202509120712/tools/bin/../lib/gcc/arm-none-eabi/13.3.1/../../../../arm-none-eabi/lib/thumb/v7e-m/nofp\libc_nano.a(libc_a-stdio.o)
                              C:/ST/STM32CubeIDE_1.19.0/STM32CubeIDE/plugins/com.st.stm32cube.ide.mcu.externaltools.gnu-tools-for-stm32.13.3.rel1.win32_1.0.100.202509120712/tools/bin/../lib/gcc/arm-none-eabi/13.3.1/../../../../arm-none-eabi/lib/thumb/v7e-m/nofp\libc_nano.a(libc_a-findfp.o) (__sread)
[...]
Memory Configuration

Name             Origin             Length             Attributes
RAM              0x20000000         0x00010000         xrw
RAM2             0x10000000         0x00008000         xrw
FLASH            0x08000000         0x00040000         xr
*default*        0x00000000         0xffffffff

Linker script and memory map

LOAD C:/ST/STM32CubeIDE_1.19.0/STM32CubeIDE/plugins/com.st.stm32cube.ide.mcu.externaltools.gnu-tools-for-stm32.13.3.rel1.win32_1.0.100.202509120712/tools/bin/../lib/gcc/arm-none-eabi/13.3.1/thumb/v7e-m/nofp/crti.o
LOAD C:/ST/STM32CubeIDE_1.19.0/STM32CubeIDE/plugins/com.st.stm32cube.ide.mcu.externaltools.gnu-tools-for-stm32.13.3.rel1.win32_1.0.100.202509120712/tools/bin/../lib/gcc/arm-none-eabi/13.3.1/thumb/v7e-m/nofp/crtbegin.o
LOAD C:/ST/STM32CubeIDE_1.19.0/STM32CubeIDE/plugins/com.st.stm32cube.ide.mcu.externaltools.gnu-tools-for-stm32.13.3.rel1.win32_1.0.100.202509120712/tools/bin/../lib/gcc/arm-none-eabi/13.3.1/../../../../arm-none-eabi/lib/thumb/v7e-m/nofp/crt0.o
LOAD ./Core/Src/main.o
LOAD ./Core/Src/stm32_lpm_if.o
LOAD ./Core/Src/stm32wlxx_hal_msp.o
LOAD ./Core/Src/stm32wlxx_it.o
LOAD ./Core/Src/sys_app.o
LOAD ./Core/Src/sys_debug.o
LOAD ./Core/Src/syscalls.o
LOAD ./Core/Src/sysmem.o
LOAD ./Core/Src/system_stm32wlxx.o
LOAD ./Core/Src/timer_if.o
LOAD ./Core/Src/usart_if.o
LOAD ./Core/Startup/startup_stm32wle5ccux.o
LOAD ./Core/lfs/lfs.o
LOAD ./Core/lfs/lfs_util.o
LOAD ./Drivers/STM32WLxx_HAL_Driver/Src/stm32wlxx_hal.o
LOAD ./Drivers/STM32WLxx_HAL_Driver/Src/stm32wlxx_hal_adc.o
LOAD ./Drivers/STM32WLxx_HAL_Driver/Src/stm32wlxx_hal_adc_ex.o
LOAD ./Drivers/STM32WLxx_HAL_Driver/Src/stm32wlxx_hal_cortex.o
LOAD ./Drivers/STM32WLxx_HAL_Driver/Src/stm32wlxx_hal_dma.o
LOAD ./Drivers/STM32WLxx_HAL_Driver/Src/stm32wlxx_hal_dma_ex.o
LOAD ./Drivers/STM32WLxx_HAL_Driver/Src/stm32wlxx_hal_exti.o
LOAD ./Drivers/STM32WLxx_HAL_Driver/Src/stm32wlxx_hal_flash.o
LOAD ./Drivers/STM32WLxx_HAL_Driver/Src/stm32wlxx_hal_flash_ex.o
LOAD ./Drivers/STM32WLxx_HAL_Driver/Src/stm32wlxx_hal_gpio.o
LOAD ./Drivers/STM32WLxx_HAL_Driver/Src/stm32wlxx_hal_pwr.o
LOAD ./Drivers/STM32WLxx_HAL_Driver/Src/stm32wlxx_hal_pwr_ex.o
LOAD ./Drivers/STM32WLxx_HAL_Driver/Src/stm32wlxx_hal_rcc.o
LOAD ./Drivers/STM32WLxx_HAL_Driver/Src/stm32wlxx_hal_rcc_ex.o
LOAD ./Drivers/STM32WLxx_HAL_Driver/Src/stm32wlxx_hal_rtc.o
LOAD ./Drivers/STM32WLxx_HAL_Driver/Src/stm32wlxx_hal_rtc_ex.o
LOAD ./Drivers/STM32WLxx_HAL_Driver/Src/stm32wlxx_hal_spi.o
LOAD ./Drivers/STM32WLxx_HAL_Driver/Src/stm32wlxx_hal_spi_ex.o
LOAD ./Drivers/STM32WLxx_HAL_Driver/Src/stm32wlxx_hal_subghz.o
LOAD ./Drivers/STM32WLxx_HAL_Driver/Src/stm32wlxx_hal_uart.o
LOAD ./Drivers/STM32WLxx_HAL_Driver/Src/stm32wlxx_hal_uart_ex.o
LOAD ./Drivers/STM32WLxx_HAL_Driver/Src/stm32wlxx_ll_adc.o
LOAD ./Middlewares/Third_Party/SubGHz_Phy/stm32_radio_driver/lr_fhss_mac.o
LOAD ./Middlewares/Third_Party/SubGHz_Phy/stm32_radio_driver/radio.o
LOAD ./Middlewares/Third_Party/SubGHz_Phy/stm32_radio_driver/radio_driver.o
LOAD ./Middlewares/Third_Party/SubGHz_Phy/stm32_radio_driver/radio_fw.o
LOAD ./Middlewares/Third_Party/SubGHz_Phy/stm32_radio_driver/wl_lr_fhss.o
LOAD ./SubGHz_Phy/App/app_subghz_phy.o
LOAD ./SubGHz_Phy/App/subghz_phy_app.o
LOAD ./SubGHz_Phy/Target/radio_board_if.o
LOAD ./Utilities/lpm/tiny_lpm/stm32_lpm.o
LOAD ./Utilities/misc/stm32_mem.o
LOAD ./Utilities/misc/stm32_systime.o
LOAD ./Utilities/misc/stm32_tiny_sscanf.o
LOAD ./Utilities/misc/stm32_tiny_vsnprintf.o
LOAD ./Utilities/sequencer/stm32_seq.o
LOAD ./Utilities/timer/stm32_timer.o
LOAD ./Utilities/trace/adv_trace/stm32_adv_trace.o
START GROUP
LOAD C:/ST/STM32CubeIDE_1.19.0/STM32CubeIDE/plugins/com.st.stm32cube.ide.mcu.externaltools.gnu-tools-for-stm32.13.3.rel1.win32_1.0.100.202509120712/tools/bin/../lib/gcc/arm-none-eabi/13.3.1/../../../../arm-none-eabi/lib/thumb/v7e-m/nofp\libc_nano.a
LOAD C:/ST/STM32CubeIDE_1.19.0/STM32CubeIDE/plugins/com.st.stm32cube.ide.mcu.externaltools.gnu-tools-for-stm32.13.3.rel1.win32_1.0.100.202509120712/tools/bin/../lib/gcc/arm-none-eabi/13.3.1/../../../../arm-none-eabi/lib/thumb/v7e-m/nofp\libm.a
END GROUP
START GROUP
LOAD C:/ST/STM32CubeIDE_1.19.0/STM32CubeIDE/plugins/com.st.stm32cube.ide.mcu.externaltools.gnu-tools-for-stm32.13.3.rel1.win32_1.0.100.202509120712/tools/bin/../lib/gcc/arm-none-eabi/13.3.1/thumb/v7e-m/nofp\libgcc.a
LOAD C:/ST/STM32CubeIDE_1.19.0/STM32CubeIDE/plugins/com.st.stm32cube.ide.mcu.externaltools.gnu-tools-for-stm32.13.3.rel1.win32_1.0.100.202509120712/tools/bin/../lib/gcc/arm-none-eabi/13.3.1/../../../../arm-none-eabi/lib/thumb/v7e-m/nofp\libc_nano.a
END GROUP
START GROUP
LOAD C:/ST/STM32CubeIDE_1.19.0/STM32CubeIDE/plugins/com.st.stm32cube.ide.mcu.externaltools.gnu-tools-for-stm32.13.3.rel1.win32_1.0.100.202509120712/tools/bin/../lib/gcc/arm-none-eabi/13.3.1/thumb/v7e-m/nofp\libgcc.a
LOAD C:/ST/STM32CubeIDE_1.19.0/STM32CubeIDE/plugins/com.st.stm32cube.ide.mcu.externaltools.gnu-tools-for-stm32.13.3.rel1.win32_1.0.100.202509120712/tools/bin/../lib/gcc/arm-none-eabi/13.3.1/../../../../arm-none-eabi/lib/thumb/v7e-m/nofp\libc_nano.a
LOAD C:/ST/STM32CubeIDE_1.19.0/STM32CubeIDE/plugins/com.st.stm32cube.ide.mcu.externaltools.gnu-tools-for-stm32.13.3.rel1.win32_1.0.100.202509120712/tools/bin/../lib/gcc/arm-none-eabi/13.3.1/../../../../arm-none-eabi/lib/thumb/v7e-m/nofp\libnosys.a
END GROUP
START GROUP
LOAD C:/ST/STM32CubeIDE_1.19.0/STM32CubeIDE/plugins/com.st.stm32cube.ide.mcu.externaltools.gnu-tools-for-stm32.13.3.rel1.win32_1.0.100.202509120712/tools/bin/../lib/gcc/arm-none-eabi/13.3.1/thumb/v7e-m/nofp\libgcc.a
LOAD C:/ST/STM32CubeIDE_1.19.0/STM32CubeIDE/plugins/com.st.stm32cube.ide.mcu.externaltools.gnu-tools-for-stm32.13.3.rel1.win32_1.0.100.202509120712/tools/bin/../lib/gcc/arm-none-eabi/13.3.1/../../../../arm-none-eabi/lib/thumb/v7e-m/nofp\libc_nano.a
LOAD C:/ST/STM32CubeIDE_1.19.0/STM32CubeIDE/plugins/com.st.stm32cube.ide.mcu.externaltools.gnu-tools-for-stm32.13.3.rel1.win32_1.0.100.202509120712/tools/bin/../lib/gcc/arm-none-eabi/13.3.1/../../../../arm-none-eabi/lib/thumb/v7e-m/nofp\libnosys.a
END GROUP
LOAD C:/ST/STM32CubeIDE_1.19.0/STM32CubeIDE/plugins/com.st.stm32cube.ide.mcu.externaltools.gnu-tools-for-stm32.13.3.rel1.win32_1.0.100.202509120712/tools/bin/../lib/gcc/arm-none-eabi/13.3.1/thumb/v7e-m/nofp/crtend.o
LOAD C:/ST/STM32CubeIDE_1.19.0/STM32CubeIDE/plugins/com.st.stm32cube.ide.mcu.externaltools.gnu-tools-for-stm32.13.3.rel1.win32_1.0.100.202509120712/tools/bin/../lib/gcc/arm-none-eabi/13.3.1/thumb/v7e-m/nofp/crtn.o
                0x20010000                        _estack = (ORIGIN (RAM) + LENGTH (RAM))
                0x00000400                        _Min_Heap_Size = 0x400
                0x00001000                        _Min_Stack_Size = 0x1000

.isr_vector     0x08000000      0x138
                0x08000000                        . = ALIGN (0x4)
 *(.isr_vector)
 .isr_vector    0x08000000      0x138 ./Core/Startup/startup_stm32wle5ccux.o
                0x08000000                g_pfnVectors
                0x08000138                        . = ALIGN (0x4)

.text           0x08000138     0xc1b4
                0x08000138                        . = ALIGN (0x4)
 *(.text)
 .text          0x08000138       0x40 C:/ST/STM32CubeIDE_1.19.0/STM32CubeIDE/plugins/com.st.stm32cube.ide.mcu.externaltools.gnu-tools-for-stm32.13.3.rel1.win32_1.0.100.202509120712/tools/bin/../lib/gcc/arm-none-eabi/13.3.1/thumb/v7e-m/nofp/crtbegin.o
 .text          0x08000178       0x10 C:/ST/STM32CubeIDE_1.19.0/STM32CubeIDE/plugins/com.st.stm32cube.ide.mcu.externaltools.gnu-tools-for-stm32.13.3.rel1.win32_1.0.100.202509120712/tools/bin/../lib/gcc/arm-none-eabi/13.3.1/../../../../arm-none-eabi/lib/thumb/v7e-m/nofp\libc_nano.a(libc_a-strlen.o)
                0x08000178                strlen
 .text          0x08000188       0x30 C:/ST/STM32CubeIDE_1.19.0/STM32CubeIDE/plugins/com.st.stm32cube.ide.mcu.externaltools.gnu-tools-for-stm32.13.3.rel1.win32_1.0.100.202509120712/tools/bin/../lib/gcc/arm-none-eabi/13.3.1/thumb/v7e-m/nofp\libgcc.a(_aeabi_uldivmod.o)
                0x08000188                __aeabi_uldivmod
 .text          0x080001b8      0x2f8 C:/ST/STM32CubeIDE_1.19.0/STM32CubeIDE/plugins/com.st.stm32cube.ide.mcu.externaltools.gnu-tools-for-stm32.13.3.rel1.win32_1.0.100.202509120712/tools/bin/../lib/gcc/arm-none-eabi/13.3.1/thumb/v7e-m/nofp\libgcc.a(_udivmoddi4.o)
                0x080001b8                __udivmoddi4
 .text          0x080004b0        0x4 C:/ST/STM32CubeIDE_1.19.0/STM32CubeIDE/plugins/com.st.stm32cube.ide.mcu.externaltools.gnu-tools-for-stm32.13.3.rel1.win32_1.0.100.202509120712/tools/bin/../lib/gcc/arm-none-eabi/13.3.1/thumb/v7e-m/nofp\libgcc.a(_dvmd_tls.o)
                0x080004b0                __aeabi_idiv0
                0x080004b0                __aeabi_ldiv0
 *(.text*)
 .text.LL_RCC_LSE_SetDriveCapability
                0x080004b4       0x2a ./Core/Src/main.o
 .text.LL_AHB1_GRP1_EnableClock
                0x080004de       0x30 ./Core/Src/main.o
 .text.LL_AHB2_GRP1_EnableClock
                0x0800050e       0x30 ./Core/Src/main.o
 *fill*         0x0800053e        0x2 
 .text.LL_SYSCFG_EnableFastModePlus
                0x08000540       0x24 ./Core/Src/main.o
 .text.main     0x08000564       0x2e ./Core/Src/main.o
                0x08000564                main
 *fill*         0x08000592        0x2 
 .text.SystemClock_Config
                0x08000594       0xbc ./Core/Src/main.o
                0x08000594                SystemClock_Config
 .text.MX_ADC_Init
                0x08000650       0x9c ./Core/Src/main.o
                0x08000650                MX_ADC_Init
 .text.MX_LPUART1_UART_Init
                0x080006ec       0xa8 ./Core/Src/main.o
                0x080006ec                MX_LPUART1_UART_Init
 .text.MX_USART1_UART_Init
                0x08000794       0xa8 ./Core/Src/main.o
                0x08000794                MX_USART1_UART_Init
 .text.MX_RTC_Init
                0x0800083c       0xa4 ./Core/Src/main.o
                0x0800083c                MX_RTC_Init
 .text.MX_SPI1_Init
                0x080008e0       0x7c ./Core/Src/main.o
                0x080008e0                MX_SPI1_Init
 .text.MX_SUBGHZ_Init
                0x0800095c       0x24 ./Core/Src/main.o
                0x0800095c                MX_SUBGHZ_Init
 .text.MX_DMA_Init
                0x08000980       0x24 ./Core/Src/main.o
                0x08000980                MX_DMA_Init
 .text.MX_GPIO_Init
                0x080009a4      0x188 ./Core/Src/main.o
                0x080009a4                MX_GPIO_Init
 .text.Error_Handler
                0x08000b2c        0xc ./Core/Src/main.o
                0x08000b2c                Error_Handler
 .text.LL_PWR_ClearFlag_C1STOP_C1STB
                0x08000b38       0x18 ./Core/Src/stm32_lpm_if.o
 .text.PWR_EnterOffMode
                0x08000b50        0xc ./Core/Src/stm32_lpm_if.o
                0x08000b50                PWR_EnterOffMode
 .text.PWR_ExitOffMode
                0x08000b5c        0xc ./Core/Src/stm32_lpm_if.o
                0x08000b5c                PWR_ExitOffMode
 .text.PWR_EnterStopMode
                0x08000b68       0x16 ./Core/Src/stm32_lpm_if.o
                0x08000b68                PWR_EnterStopMode
 .text.PWR_ExitStopMode
                0x08000b7e       0x10 ./Core/Src/stm32_lpm_if.o
                0x08000b7e                PWR_ExitStopMode
 .text.PWR_EnterSleepMode
                0x08000b8e       0x14 ./Core/Src/stm32_lpm_if.o
                0x08000b8e                PWR_EnterSleepMode
 .text.PWR_ExitSleepMode
                0x08000ba2        0xc ./Core/Src/stm32_lpm_if.o
                0x08000ba2                PWR_ExitSleepMode
 .text.LL_RCC_EnableRTC
                0x08000bae       0x20 ./Core/Src/stm32wlxx_hal_msp.o
 .text.LL_AHB2_GRP1_EnableClock
                0x08000bce       0x30 ./Core/Src/stm32wlxx_hal_msp.o
 .text.LL_APB1_GRP1_EnableClock
                0x08000bfe       0x30 ./Core/Src/stm32wlxx_hal_msp.o
 .text.LL_APB1_GRP2_EnableClock
                0x08000c2e       0x30 ./Core/Src/stm32wlxx_hal_msp.o
 .text.LL_APB1_GRP2_DisableClock
                0x08000c5e       0x24 ./Core/Src/stm32wlxx_hal_msp.o
 .text.LL_APB2_GRP1_EnableClock
                0x08000c82       0x30 ./Core/Src/stm32wlxx_hal_msp.o
 .text.LL_APB2_GRP1_DisableClock
                0x08000cb2       0x24 ./Core/Src/stm32wlxx_hal_msp.o
 .text.LL_APB3_GRP1_EnableClock
                0x08000cd6       0x30 ./Core/Src/stm32wlxx_hal_msp.o
 .text.HAL_MspInit
                0x08000d06        0xc ./Core/Src/stm32wlxx_hal_msp.o
                0x08000d06                HAL_MspInit
 *fill*         0x08000d12        0x2 
 .text.HAL_ADC_MspInit
                0x08000d14       0x54 ./Core/Src/stm32wlxx_hal_msp.o
                0x08000d14                HAL_ADC_MspInit
 .text.HAL_UART_MspInit
                0x08000d68      0x164 ./Core/Src/stm32wlxx_hal_msp.o
                0x08000d68                HAL_UART_MspInit
 .text.HAL_UART_MspDeInit
                0x08000ecc       0x68 ./Core/Src/stm32wlxx_hal_msp.o
                0x08000ecc                HAL_UART_MspDeInit
 .text.HAL_RTC_MspInit
                0x08000f34       0x78 ./Core/Src/stm32wlxx_hal_msp.o
                0x08000f34                HAL_RTC_MspInit
 .text.HAL_SPI_MspInit
                0x08000fac       0x60 ./Core/Src/stm32wlxx_hal_msp.o
                0x08000fac                HAL_SPI_MspInit
 .text.HAL_SUBGHZ_MspInit
                0x0800100c       0x26 ./Core/Src/stm32wlxx_hal_msp.o
                0x0800100c                HAL_SUBGHZ_MspInit
 .text.NMI_Handler
                0x08001032        0x8 ./Core/Src/stm32wlxx_it.o
                0x08001032                NMI_Handler
 .text.HardFault_Handler
                0x0800103a        0x8 ./Core/Src/stm32wlxx_it.o
                0x0800103a                HardFault_Handler
 .text.MemManage_Handler
                0x08001042        0x8 ./Core/Src/stm32wlxx_it.o
                0x08001042                MemManage_Handler
 .text.BusFault_Handler
                0x0800104a        0x8 ./Core/Src/stm32wlxx_it.o
                0x0800104a                BusFault_Handler
 .text.UsageFault_Handler
                0x08001052        0x8 ./Core/Src/stm32wlxx_it.o
                0x08001052                UsageFault_Handler
 .text.SVC_Handler
                0x0800105a        0xc ./Core/Src/stm32wlxx_it.o
                0x0800105a                SVC_Handler
 .text.DebugMon_Handler
                0x08001066        0xc ./Core/Src/stm32wlxx_it.o
                0x08001066                DebugMon_Handler
 .text.PendSV_Handler
                0x08001072        0xc ./Core/Src/stm32wlxx_it.o
                0x08001072                PendSV_Handler
 .text.SysTick_Handler
                0x0800107e        0xc ./Core/Src/stm32wlxx_it.o
                0x0800107e                SysTick_Handler
 *fill*         0x0800108a        0x2 
 .text.TAMP_STAMP_LSECSS_SSRU_IRQHandler
                0x0800108c       0x14 ./Core/Src/stm32wlxx_it.o
                0x0800108c                TAMP_STAMP_LSECSS_SSRU_IRQHandler
 .text.DMA1_Channel2_IRQHandler
                0x080010a0       0x14 ./Core/Src/stm32wlxx_it.o
                0x080010a0                DMA1_Channel2_IRQHandler
 .text.EXTI9_5_IRQHandler
                0x080010b4       0x18 ./Core/Src/stm32wlxx_it.o
                0x080010b4                EXTI9_5_IRQHandler
 .text.USART1_IRQHandler
                0x080010cc       0x14 ./Core/Src/stm32wlxx_it.o
                0x080010cc                USART1_IRQHandler
 .text.LPUART1_IRQHandler
                0x080010e0       0x14 ./Core/Src/stm32wlxx_it.o
                0x080010e0                LPUART1_IRQHandler
 .text.EXTI15_10_IRQHandler
                0x080010f4       0x10 ./Core/Src/stm32wlxx_it.o
                0x080010f4                EXTI15_10_IRQHandler
 .text.RTC_Alarm_IRQHandler
                0x08001104       0x14 ./Core/Src/stm32wlxx_it.o
                0x08001104                RTC_Alarm_IRQHandler
 .text.SUBGHZ_Radio_IRQHandler
                0x08001118       0x14 ./Core/Src/stm32wlxx_it.o
                0x08001118                SUBGHZ_Radio_IRQHandler
 .text.LL_RCC_SetClkAfterWakeFromStop
                0x0800112c       0x26 ./Core/Src/sys_app.o
 *fill*         0x08001152        0x2 
 .text.SystemApp_Init
                0x08001154       0x40 ./Core/Src/sys_app.o
                0x08001154                SystemApp_Init
 .text.UTIL_SEQ_Idle
                0x08001194        0xc ./Core/Src/sys_app.o
                0x08001194                UTIL_SEQ_Idle
 .text.TimestampNow
                0x080011a0       0x40 ./Core/Src/sys_app.o
 .text.UTIL_ADV_TRACE_PostSendHook
                0x080011e0       0x10 ./Core/Src/sys_app.o
                0x080011e0                UTIL_ADV_TRACE_PostSendHook
 .text.tiny_snprintf_like
                0x080011f0       0x2c ./Core/Src/sys_app.o
 .text.HAL_GetTick
                0x0800121c       0x28 ./Core/Src/sys_app.o
                0x0800121c                HAL_GetTick
 .text.HAL_Delay
                0x08001244       0x18 ./Core/Src/sys_app.o
                0x08001244                HAL_Delay
 .text.LL_EXTI_EnableIT_32_63
                0x0800125c       0x28 ./Core/Src/sys_debug.o
 .text.DBG_Init
                0x08001284       0x1c ./Core/Src/sys_debug.o
                0x08001284                DBG_Init
 .text.SystemInit
                0x080012a0        0xc ./Core/Src/system_stm32wlxx.o
                0x080012a0                SystemInit
 .text.LL_RTC_TIME_GetSubSecond
                0x080012ac       0x16 ./Core/Src/timer_if.o
 *fill*         0x080012c2        0x2 
 .text.TIMER_IF_Init
                0x080012c4       0x64 ./Core/Src/timer_if.o
                0x080012c4                TIMER_IF_Init
 .text.TIMER_IF_StartTimer
                0x08001328       0x70 ./Core/Src/timer_if.o
                0x08001328                TIMER_IF_StartTimer
 .text.TIMER_IF_StopTimer
                0x08001398       0x34 ./Core/Src/timer_if.o
                0x08001398                TIMER_IF_StopTimer
 .text.TIMER_IF_SetTimerContext
                0x080013cc       0x1c ./Core/Src/timer_if.o
                0x080013cc                TIMER_IF_SetTimerContext
 .text.TIMER_IF_GetTimerContext
                0x080013e8       0x14 ./Core/Src/timer_if.o
                0x080013e8                TIMER_IF_GetTimerContext
 .text.TIMER_IF_GetTimerElapsedTime
                0x080013fc       0x28 ./Core/Src/timer_if.o
                0x080013fc                TIMER_IF_GetTimerElapsedTime
 .text.TIMER_IF_GetTimerValue
                0x08001424       0x28 ./Core/Src/timer_if.o
                0x08001424                TIMER_IF_GetTimerValue
 .text.TIMER_IF_GetMinimumTimeout
                0x0800144c       0x1a ./Core/Src/timer_if.o
                0x0800144c                TIMER_IF_GetMinimumTimeout
 .text.TIMER_IF_Convert_ms2Tick
                0x08001466       0x3a ./Core/Src/timer_if.o
                0x08001466                TIMER_IF_Convert_ms2Tick
 .text.TIMER_IF_Convert_Tick2ms
                0x080014a0       0x92 ./Core/Src/timer_if.o
                0x080014a0                TIMER_IF_Convert_Tick2ms
 .text.TIMER_IF_DelayMs
                0x08001532       0x34 ./Core/Src/timer_if.o
                0x08001532                TIMER_IF_DelayMs
 .text.HAL_RTC_AlarmAEventCallback
                0x08001566       0x14 ./Core/Src/timer_if.o
                0x08001566                HAL_RTC_AlarmAEventCallback
 .text.HAL_RTCEx_SSRUEventCallback
                0x0800157a       0x20 ./Core/Src/timer_if.o
                0x0800157a                HAL_RTCEx_SSRUEventCallback
 .text.TIMER_IF_GetTime
                0x0800159a       0x8e ./Core/Src/timer_if.o
                0x0800159a                TIMER_IF_GetTime
 .text.TIMER_IF_BkUp_Write_Seconds
                0x08001628       0x20 ./Core/Src/timer_if.o
                0x08001628                TIMER_IF_BkUp_Write_Seconds
 .text.TIMER_IF_BkUp_Write_SubSeconds
                0x08001648       0x20 ./Core/Src/timer_if.o
                0x08001648                TIMER_IF_BkUp_Write_SubSeconds
 .text.TIMER_IF_BkUp_Read_Seconds
                0x08001668       0x24 ./Core/Src/timer_if.o
                0x08001668                TIMER_IF_BkUp_Read_Seconds
 .text.TIMER_IF_BkUp_Read_SubSeconds
                0x0800168c       0x24 ./Core/Src/timer_if.o
                0x0800168c                TIMER_IF_BkUp_Read_SubSeconds
 .text.TIMER_IF_BkUp_Write_MSBticks
                0x080016b0       0x20 ./Core/Src/timer_if.o
 .text.TIMER_IF_BkUp_Read_MSBticks
                0x080016d0       0x20 ./Core/Src/timer_if.o
 .text.GetTimerTicks
                0x080016f0       0x38 ./Core/Src/timer_if.o
 .text.LL_APB2_GRP1_ForceReset
                0x08001728       0x22 ./Core/Src/usart_if.o
 .text.LL_APB2_GRP1_ReleaseReset
                0x0800174a       0x24 ./Core/Src/usart_if.o
 *fill*         0x0800176e        0x2 
 .text.LL_EXTI_EnableIT_0_31
                0x08001770       0x28 ./Core/Src/usart_if.o
 .text.vcom_Init
                0x08001798       0x2c ./Core/Src/usart_if.o
                0x08001798                vcom_Init
 .text.vcom_DeInit
                0x080017c4       0x2c ./Core/Src/usart_if.o
                0x080017c4                vcom_DeInit
 .text.vcom_Trace_DMA
                0x080017f0       0x28 ./Core/Src/usart_if.o
                0x080017f0                vcom_Trace_DMA
 .text.vcom_ReceiveInit
                0x08001818       0x7c ./Core/Src/usart_if.o
                0x08001818                vcom_ReceiveInit
 .text.HAL_UART_TxCpltCallback
                0x08001894       0x2c ./Core/Src/usart_if.o
                0x08001894                HAL_UART_TxCpltCallback
 .text.HAL_UART_RxCpltCallback
                0x080018c0       0x50 ./Core/Src/usart_if.o
                0x080018c0                HAL_UART_RxCpltCallback
 .text.Reset_Handler
                0x08001910       0x50 ./Core/Startup/startup_stm32wle5ccux.o
                0x08001910                Reset_Handler
 .text.Default_Handler
                0x08001960        0x2 ./Core/Startup/startup_stm32wle5ccux.o
                0x08001960                EXTI2_IRQHandler
                0x08001960                TIM1_CC_IRQHandler
                0x08001960                EXTI3_IRQHandler
                0x08001960                LPTIM2_IRQHandler
                0x08001960                I2C3_ER_IRQHandler
                0x08001960                LPTIM3_IRQHandler
                0x08001960                EXTI0_IRQHandler
                0x08001960                I2C2_EV_IRQHandler
                0x08001960                SPI1_IRQHandler
                0x08001960                DMA2_Channel2_IRQHandler
                0x08001960                DMA1_Channel4_IRQHandler
                0x08001960                PKA_IRQHandler
                0x08001960                TIM17_IRQHandler
                0x08001960                DMA1_Channel7_IRQHandler
                0x08001960                SUBGHZSPI_IRQHandler
                0x08001960                DMA2_Channel1_IRQHandler
                0x08001960                I2C1_EV_IRQHandler
                0x08001960                DMAMUX1_OVR_IRQHandler
                0x08001960                DMA1_Channel6_IRQHandler
                0x08001960                TIM16_IRQHandler
                0x08001960                DMA2_Channel4_IRQHandler
                0x08001960                RCC_IRQHandler
                0x08001960                TIM1_TRG_COM_IRQHandler
                0x08001960                DMA1_Channel1_IRQHandler
                0x08001960                Default_Handler
                0x08001960                DMA2_Channel7_IRQHandler
                0x08001960                ADC_IRQHandler
                0x08001960                I2C3_EV_IRQHandler
                0x08001960                RTC_WKUP_IRQHandler
                0x08001960                PVD_PVM_IRQHandler
                0x08001960                SPI2_IRQHandler
                0x08001960                DMA2_Channel5_IRQHandler
                0x08001960                DMA1_Channel5_IRQHandler
                0x08001960                EXTI4_IRQHandler
                0x08001960                RNG_IRQHandler
                0x08001960                DMA1_Channel3_IRQHandler
                0x08001960                COMP_IRQHandler
                0x08001960                HSEM_IRQHandler
                0x08001960                TIM1_UP_IRQHandler
                0x08001960                WWDG_IRQHandler
                0x08001960                DMA2_Channel6_IRQHandler
                0x08001960                TIM2_IRQHandler
                0x08001960                TIM1_BRK_IRQHandler
                0x08001960                DAC_IRQHandler
                0x08001960                EXTI1_IRQHandler
                0x08001960                AES_IRQHandler
                0x08001960                USART2_IRQHandler
                0x08001960                I2C2_ER_IRQHandler
                0x08001960                FLASH_IRQHandler
                0x08001960                I2C1_ER_IRQHandler
                0x08001960                LPTIM1_IRQHandler
                0x08001960                DMA2_Channel3_IRQHandler
 *fill*         0x08001962        0x2 
 .text.LL_DBGMCU_EnableDBGSleepMode
                0x08001964       0x1c ./Drivers/STM32WLxx_HAL_Driver/Src/stm32wlxx_hal.o
 .text.LL_DBGMCU_EnableDBGStopMode
                0x08001980       0x1c ./Drivers/STM32WLxx_HAL_Driver/Src/stm32wlxx_hal.o
 .text.LL_DBGMCU_EnableDBGStandbyMode
                0x0800199c       0x1c ./Drivers/STM32WLxx_HAL_Driver/Src/stm32wlxx_hal.o
 .text.HAL_Init
                0x080019b8       0x40 ./Drivers/STM32WLxx_HAL_Driver/Src/stm32wlxx_hal.o
                0x080019b8                HAL_Init
 .text.HAL_InitTick
                0x080019f8       0x74 ./Drivers/STM32WLxx_HAL_Driver/Src/stm32wlxx_hal.o
                0x080019f8                HAL_InitTick
 .text.HAL_IncTick
                0x08001a6c       0x24 ./Drivers/STM32WLxx_HAL_Driver/Src/stm32wlxx_hal.o
                0x08001a6c                HAL_IncTick
 .text.HAL_SuspendTick
                0x08001a90       0x1c ./Drivers/STM32WLxx_HAL_Driver/Src/stm32wlxx_hal.o
                0x08001a90                HAL_SuspendTick
 .text.HAL_ResumeTick
                0x08001aac       0x1c ./Drivers/STM32WLxx_HAL_Driver/Src/stm32wlxx_hal.o
                0x08001aac                HAL_ResumeTick
 .text.HAL_DBGMCU_EnableDBGSleepMode
                0x08001ac8        0xc ./Drivers/STM32WLxx_HAL_Driver/Src/stm32wlxx_hal.o
                0x08001ac8                HAL_DBGMCU_EnableDBGSleepMode
 .text.HAL_DBGMCU_EnableDBGStopMode
                0x08001ad4        0xc ./Drivers/STM32WLxx_HAL_Driver/Src/stm32wlxx_hal.o
                0x08001ad4                HAL_DBGMCU_EnableDBGStopMode
 .text.HAL_DBGMCU_EnableDBGStandbyMode
                0x08001ae0        0xc ./Drivers/STM32WLxx_HAL_Driver/Src/stm32wlxx_hal.o
                0x08001ae0                HAL_DBGMCU_EnableDBGStandbyMode
 .text.LL_ADC_SetSamplingTimeCommonChannels
                0x08001aec       0x3c ./Drivers/STM32WLxx_HAL_Driver/Src/stm32wlxx_hal_adc.o
 .text.LL_ADC_GetSamplingTimeCommonChannels
                0x08001b28       0x30 ./Drivers/STM32WLxx_HAL_Driver/Src/stm32wlxx_hal_adc.o
 .text.LL_ADC_EnableInternalRegulator
                0x08001b58       0x26 ./Drivers/STM32WLxx_HAL_Driver/Src/stm32wlxx_hal_adc.o
 .text.LL_ADC_IsInternalRegulatorEnabled
                0x08001b7e       0x26 ./Drivers/STM32WLxx_HAL_Driver/Src/stm32wlxx_hal_adc.o
 .text.LL_ADC_IsEnabled
                0x08001ba4       0x24 ./Drivers/STM32WLxx_HAL_Driver/Src/stm32wlxx_hal_adc.o
 .text.LL_ADC_REG_IsConversionOngoing
                0x08001bc8       0x24 ./Drivers/STM32WLxx_HAL_Driver/Src/stm32wlxx_hal_adc.o
 .text.HAL_ADC_Init
                0x08001bec      0x328 ./Drivers/STM32WLxx_HAL_Driver/Src/stm32wlxx_hal_adc.o
                0x08001bec                HAL_ADC_Init
 .text.__NVIC_SetPriorityGrouping
                0x08001f14       0x48 ./Drivers/STM32WLxx_HAL_Driver/Src/stm32wlxx_hal_cortex.o
 .text.__NVIC_GetPriorityGrouping
                0x08001f5c       0x1c ./Drivers/STM32WLxx_HAL_Driver/Src/stm32wlxx_hal_cortex.o
 .text.__NVIC_EnableIRQ
                0x08001f78       0x38 ./Drivers/STM32WLxx_HAL_Driver/Src/stm32wlxx_hal_cortex.o
 .text.__NVIC_DisableIRQ
                0x08001fb0       0x48 ./Drivers/STM32WLxx_HAL_Driver/Src/stm32wlxx_hal_cortex.o
 .text.__NVIC_SetPriority
                0x08001ff8       0x54 ./Drivers/STM32WLxx_HAL_Driver/Src/stm32wlxx_hal_cortex.o
 .text.NVIC_EncodePriority
                0x0800204c       0x64 ./Drivers/STM32WLxx_HAL_Driver/Src/stm32wlxx_hal_cortex.o
 .text.SysTick_Config
                0x080020b0       0x44 ./Drivers/STM32WLxx_HAL_Driver/Src/stm32wlxx_hal_cortex.o
 .text.HAL_NVIC_SetPriorityGrouping
                0x080020f4       0x16 ./Drivers/STM32WLxx_HAL_Driver/Src/stm32wlxx_hal_cortex.o
                0x080020f4                HAL_NVIC_SetPriorityGrouping
 .text.HAL_NVIC_SetPriority
                0x0800210a       0x34 ./Drivers/STM32WLxx_HAL_Driver/Src/stm32wlxx_hal_cortex.o
                0x0800210a                HAL_NVIC_SetPriority
 .text.HAL_NVIC_EnableIRQ
                0x0800213e       0x1c ./Drivers/STM32WLxx_HAL_Driver/Src/stm32wlxx_hal_cortex.o
                0x0800213e                HAL_NVIC_EnableIRQ
 .text.HAL_NVIC_DisableIRQ
                0x0800215a       0x1c ./Drivers/STM32WLxx_HAL_Driver/Src/stm32wlxx_hal_cortex.o
                0x0800215a                HAL_NVIC_DisableIRQ
 .text.HAL_SYSTICK_Config
                0x08002176       0x18 ./Drivers/STM32WLxx_HAL_Driver/Src/stm32wlxx_hal_cortex.o
                0x08002176                HAL_SYSTICK_Config
 *fill*         0x0800218e        0x2 
 .text.HAL_DMA_Init
                0x08002190      0x150 ./Drivers/STM32WLxx_HAL_Driver/Src/stm32wlxx_hal_dma.o
                0x08002190                HAL_DMA_Init
 .text.HAL_DMA_DeInit
                0x080022e0      0x12c ./Drivers/STM32WLxx_HAL_Driver/Src/stm32wlxx_hal_dma.o
                0x080022e0                HAL_DMA_DeInit
 .text.HAL_DMA_Start_IT
                0x0800240c       0xfc ./Drivers/STM32WLxx_HAL_Driver/Src/stm32wlxx_hal_dma.o
                0x0800240c                HAL_DMA_Start_IT
 .text.HAL_DMA_Abort
                0x08002508       0xbc ./Drivers/STM32WLxx_HAL_Driver/Src/stm32wlxx_hal_dma.o
                0x08002508                HAL_DMA_Abort
 .text.HAL_DMA_Abort_IT
                0x080025c4       0xbe ./Drivers/STM32WLxx_HAL_Driver/Src/stm32wlxx_hal_dma.o
                0x080025c4                HAL_DMA_Abort_IT
 *fill*         0x08002682        0x2 
 .text.HAL_DMA_IRQHandler
                0x08002684      0x18c ./Drivers/STM32WLxx_HAL_Driver/Src/stm32wlxx_hal_dma.o
                0x08002684                HAL_DMA_IRQHandler
 .text.DMA_SetConfig
                0x08002810       0x7a ./Drivers/STM32WLxx_HAL_Driver/Src/stm32wlxx_hal_dma.o
 *fill*         0x0800288a        0x2 
 .text.DMA_CalcDMAMUXChannelBaseAndMask
                0x0800288c       0x90 ./Drivers/STM32WLxx_HAL_Driver/Src/stm32wlxx_hal_dma.o
 .text.DMA_CalcDMAMUXRequestGenBaseAndMask
                0x0800291c       0x48 ./Drivers/STM32WLxx_HAL_Driver/Src/stm32wlxx_hal_dma.o
 .text.HAL_GPIO_Init
                0x08002964      0x2c0 ./Drivers/STM32WLxx_HAL_Driver/Src/stm32wlxx_hal_gpio.o
                0x08002964                HAL_GPIO_Init
 .text.HAL_GPIO_DeInit
                0x08002c24      0x19c ./Drivers/STM32WLxx_HAL_Driver/Src/stm32wlxx_hal_gpio.o
                0x08002c24                HAL_GPIO_DeInit
 .text.HAL_GPIO_WritePin
                0x08002dc0       0x2e ./Drivers/STM32WLxx_HAL_Driver/Src/stm32wlxx_hal_gpio.o
                0x08002dc0                HAL_GPIO_WritePin
 *fill*         0x08002dee        0x2 
 .text.HAL_GPIO_EXTI_IRQHandler
                0x08002df0       0x30 ./Drivers/STM32WLxx_HAL_Driver/Src/stm32wlxx_hal_gpio.o
                0x08002df0                HAL_GPIO_EXTI_IRQHandler
 .text.HAL_GPIO_EXTI_Callback
                0x08002e20       0x14 ./Drivers/STM32WLxx_HAL_Driver/Src/stm32wlxx_hal_gpio.o
                0x08002e20                HAL_GPIO_EXTI_Callback
 .text.HAL_PWR_EnableBkUpAccess
                0x08002e34       0x1c ./Drivers/STM32WLxx_HAL_Driver/Src/stm32wlxx_hal_pwr.o
                0x08002e34                HAL_PWR_EnableBkUpAccess
 .text.HAL_PWR_EnterSLEEPMode
                0x08002e50       0x68 ./Drivers/STM32WLxx_HAL_Driver/Src/stm32wlxx_hal_pwr.o
                0x08002e50                HAL_PWR_EnterSLEEPMode
 .text.HAL_PWREx_GetVoltageRange
                0x08002eb8       0x18 ./Drivers/STM32WLxx_HAL_Driver/Src/stm32wlxx_hal_pwr_ex.o
                0x08002eb8                HAL_PWREx_GetVoltageRange
 .text.HAL_PWREx_EnableLowPowerRunMode
                0x08002ed0       0x1c ./Drivers/STM32WLxx_HAL_Driver/Src/stm32wlxx_hal_pwr_ex.o
                0x08002ed0                HAL_PWREx_EnableLowPowerRunMode
 .text.HAL_PWREx_DisableLowPowerRunMode
                0x08002eec       0x6c ./Drivers/STM32WLxx_HAL_Driver/Src/stm32wlxx_hal_pwr_ex.o
                0x08002eec                HAL_PWREx_DisableLowPowerRunMode
 .text.HAL_PWREx_EnterSTOP1Mode
                0x08002f58       0x54 ./Drivers/STM32WLxx_HAL_Driver/Src/stm32wlxx_hal_pwr_ex.o
                0x08002f58                HAL_PWREx_EnterSTOP1Mode
 .text.LL_PWR_IsEnabledBkUpAccess
                0x08002fac       0x24 ./Drivers/STM32WLxx_HAL_Driver/Src/stm32wlxx_hal_rcc.o
 .text.LL_RCC_HSE_EnableTcxo
                0x08002fd0       0x1c ./Drivers/STM32WLxx_HAL_Driver/Src/stm32wlxx_hal_rcc.o
 .text.LL_RCC_HSE_DisableTcxo
                0x08002fec       0x1c ./Drivers/STM32WLxx_HAL_Driver/Src/stm32wlxx_hal_rcc.o
 .text.LL_RCC_HSE_IsEnabledDiv2
                0x08003008       0x22 ./Drivers/STM32WLxx_HAL_Driver/Src/stm32wlxx_hal_rcc.o
 .text.LL_RCC_HSE_Enable
                0x0800302a       0x1c ./Drivers/STM32WLxx_HAL_Driver/Src/stm32wlxx_hal_rcc.o
 .text.LL_RCC_HSE_Disable
                0x08003046       0x1c ./Drivers/STM32WLxx_HAL_Driver/Src/stm32wlxx_hal_rcc.o
 .text.LL_RCC_HSE_IsReady
                0x08003062       0x22 ./Drivers/STM32WLxx_HAL_Driver/Src/stm32wlxx_hal_rcc.o
 .text.LL_RCC_HSI_Enable
                0x08003084       0x1c ./Drivers/STM32WLxx_HAL_Driver/Src/stm32wlxx_hal_rcc.o
 .text.LL_RCC_HSI_Disable
                0x080030a0       0x1c ./Drivers/STM32WLxx_HAL_Driver/Src/stm32wlxx_hal_rcc.o
 .text.LL_RCC_HSI_IsReady
                0x080030bc       0x22 ./Drivers/STM32WLxx_HAL_Driver/Src/stm32wlxx_hal_rcc.o
 .text.LL_RCC_HSI_SetCalibTrimming
                0x080030de       0x28 ./Drivers/STM32WLxx_HAL_Driver/Src/stm32wlxx_hal_rcc.o
 .text.LL_RCC_LSE_IsReady
                0x08003106       0x22 ./Drivers/STM32WLxx_HAL_Driver/Src/stm32wlxx_hal_rcc.o
 .text.LL_RCC_LSI_Enable
                0x08003128       0x20 ./Drivers/STM32WLxx_HAL_Driver/Src/stm32wlxx_hal_rcc.o
 .text.LL_RCC_LSI_Disable
                0x08003148       0x20 ./Drivers/STM32WLxx_HAL_Driver/Src/stm32wlxx_hal_rcc.o
 .text.LL_RCC_LSI_IsReady
                0x08003168       0x22 ./Drivers/STM32WLxx_HAL_Driver/Src/stm32wlxx_hal_rcc.o
 .text.LL_RCC_MSI_Enable
                0x0800318a       0x1c ./Drivers/STM32WLxx_HAL_Driver/Src/stm32wlxx_hal_rcc.o
 .text.LL_RCC_MSI_Disable
                0x080031a6       0x1c ./Drivers/STM32WLxx_HAL_Driver/Src/stm32wlxx_hal_rcc.o
 .text.LL_RCC_MSI_IsReady
                0x080031c2       0x20 ./Drivers/STM32WLxx_HAL_Driver/Src/stm32wlxx_hal_rcc.o
 .text.LL_RCC_MSI_IsEnabledRangeSelect
                0x080031e2       0x20 ./Drivers/STM32WLxx_HAL_Driver/Src/stm32wlxx_hal_rcc.o
 .text.LL_RCC_MSI_GetRange
                0x08003202       0x16 ./Drivers/STM32WLxx_HAL_Driver/Src/stm32wlxx_hal_rcc.o
 .text.LL_RCC_MSI_GetRangeAfterStandby
                0x08003218       0x18 ./Drivers/STM32WLxx_HAL_Driver/Src/stm32wlxx_hal_rcc.o
 .text.LL_RCC_MSI_SetCalibTrimming
                0x08003230       0x28 ./Drivers/STM32WLxx_HAL_Driver/Src/stm32wlxx_hal_rcc.o
 .text.LL_RCC_SetSysClkSource
                0x08003258       0x26 ./Drivers/STM32WLxx_HAL_Driver/Src/stm32wlxx_hal_rcc.o
 .text.LL_RCC_GetSysClkSource
                0x0800327e       0x16 ./Drivers/STM32WLxx_HAL_Driver/Src/stm32wlxx_hal_rcc.o
 .text.LL_RCC_SetAHBPrescaler
                0x08003294       0x26 ./Drivers/STM32WLxx_HAL_Driver/Src/stm32wlxx_hal_rcc.o
 .text.LL_RCC_SetAHB3Prescaler
                0x080032ba       0x2c ./Drivers/STM32WLxx_HAL_Driver/Src/stm32wlxx_hal_rcc.o
 .text.LL_RCC_SetAPB1Prescaler
                0x080032e6       0x26 ./Drivers/STM32WLxx_HAL_Driver/Src/stm32wlxx_hal_rcc.o
 .text.LL_RCC_SetAPB2Prescaler
                0x0800330c       0x26 ./Drivers/STM32WLxx_HAL_Driver/Src/stm32wlxx_hal_rcc.o
 .text.LL_RCC_GetAHBPrescaler
                0x08003332       0x16 ./Drivers/STM32WLxx_HAL_Driver/Src/stm32wlxx_hal_rcc.o
 .text.LL_RCC_GetAHB3Prescaler
                0x08003348       0x1a ./Drivers/STM32WLxx_HAL_Driver/Src/stm32wlxx_hal_rcc.o
 .text.LL_RCC_GetAPB1Prescaler
                0x08003362       0x16 ./Drivers/STM32WLxx_HAL_Driver/Src/stm32wlxx_hal_rcc.o
 .text.LL_RCC_GetAPB2Prescaler
                0x08003378       0x16 ./Drivers/STM32WLxx_HAL_Driver/Src/stm32wlxx_hal_rcc.o
 .text.LL_RCC_PLL_Enable
                0x0800338e       0x1c ./Drivers/STM32WLxx_HAL_Driver/Src/stm32wlxx_hal_rcc.o
 .text.LL_RCC_PLL_Disable
                0x080033aa       0x1c ./Drivers/STM32WLxx_HAL_Driver/Src/stm32wlxx_hal_rcc.o
 .text.LL_RCC_PLL_IsReady
                0x080033c6       0x22 ./Drivers/STM32WLxx_HAL_Driver/Src/stm32wlxx_hal_rcc.o
 .text.LL_RCC_PLL_GetN
                0x080033e8       0x18 ./Drivers/STM32WLxx_HAL_Driver/Src/stm32wlxx_hal_rcc.o
 .text.LL_RCC_PLL_GetR
                0x08003400       0x16 ./Drivers/STM32WLxx_HAL_Driver/Src/stm32wlxx_hal_rcc.o
 .text.LL_RCC_PLL_GetDivider
                0x08003416       0x16 ./Drivers/STM32WLxx_HAL_Driver/Src/stm32wlxx_hal_rcc.o
 .text.LL_RCC_PLL_GetMainSource
                0x0800342c       0x16 ./Drivers/STM32WLxx_HAL_Driver/Src/stm32wlxx_hal_rcc.o
 .text.LL_RCC_IsActiveFlag_HPRE
                0x08003442       0x22 ./Drivers/STM32WLxx_HAL_Driver/Src/stm32wlxx_hal_rcc.o
 .text.LL_RCC_IsActiveFlag_SHDHPRE
                0x08003464       0x24 ./Drivers/STM32WLxx_HAL_Driver/Src/stm32wlxx_hal_rcc.o
 .text.LL_RCC_IsActiveFlag_PPRE1
                0x08003488       0x22 ./Drivers/STM32WLxx_HAL_Driver/Src/stm32wlxx_hal_rcc.o
 .text.LL_RCC_IsActiveFlag_PPRE2
                0x080034aa       0x22 ./Drivers/STM32WLxx_HAL_Driver/Src/stm32wlxx_hal_rcc.o
 .text.HAL_RCC_OscConfig
                0x080034cc      0x704 ./Drivers/STM32WLxx_HAL_Driver/Src/stm32wlxx_hal_rcc.o
                0x080034cc                HAL_RCC_OscConfig
 .text.HAL_RCC_ClockConfig
                0x08003bd0      0x248 ./Drivers/STM32WLxx_HAL_Driver/Src/stm32wlxx_hal_rcc.o
                0x08003bd0                HAL_RCC_ClockConfig
 .text.HAL_RCC_GetSysClockFreq
                0x08003e18      0x140 ./Drivers/STM32WLxx_HAL_Driver/Src/stm32wlxx_hal_rcc.o
                0x08003e18                HAL_RCC_GetSysClockFreq
 .text.HAL_RCC_GetHCLKFreq
                0x08003f58       0x28 ./Drivers/STM32WLxx_HAL_Driver/Src/stm32wlxx_hal_rcc.o
                0x08003f58                HAL_RCC_GetHCLKFreq
 .text.HAL_RCC_GetPCLK1Freq
                0x08003f80       0x24 ./Drivers/STM32WLxx_HAL_Driver/Src/stm32wlxx_hal_rcc.o
                0x08003f80                HAL_RCC_GetPCLK1Freq
 .text.HAL_RCC_GetPCLK2Freq
                0x08003fa4       0x24 ./Drivers/STM32WLxx_HAL_Driver/Src/stm32wlxx_hal_rcc.o
                0x08003fa4                HAL_RCC_GetPCLK2Freq
 .text.RCC_SetFlashLatencyFromMSIRange
                0x08003fc8       0x60 ./Drivers/STM32WLxx_HAL_Driver/Src/stm32wlxx_hal_rcc.o
 .text.RCC_SetFlashLatency
                0x08004028      0x104 ./Drivers/STM32WLxx_HAL_Driver/Src/stm32wlxx_hal_rcc.o
 .text.LL_RCC_LSE_IsReady
                0x0800412c       0x22 ./Drivers/STM32WLxx_HAL_Driver/Src/stm32wlxx_hal_rcc_ex.o
 .text.LL_RCC_SetUSARTClockSource
                0x0800414e       0x30 ./Drivers/STM32WLxx_HAL_Driver/Src/stm32wlxx_hal_rcc_ex.o
 .text.LL_RCC_SetI2SClockSource
                0x0800417e       0x2a ./Drivers/STM32WLxx_HAL_Driver/Src/stm32wlxx_hal_rcc_ex.o
 .text.LL_RCC_SetLPUARTClockSource
                0x080041a8       0x2a ./Drivers/STM32WLxx_HAL_Driver/Src/stm32wlxx_hal_rcc_ex.o
 .text.LL_RCC_SetI2CClockSource
                0x080041d2       0x38 ./Drivers/STM32WLxx_HAL_Driver/Src/stm32wlxx_hal_rcc_ex.o
 .text.LL_RCC_SetLPTIMClockSource
                0x0800420a       0x32 ./Drivers/STM32WLxx_HAL_Driver/Src/stm32wlxx_hal_rcc_ex.o
 .text.LL_RCC_SetRNGClockSource
                0x0800423c       0x2a ./Drivers/STM32WLxx_HAL_Driver/Src/stm32wlxx_hal_rcc_ex.o
 .text.LL_RCC_SetADCClockSource
                0x08004266       0x2a ./Drivers/STM32WLxx_HAL_Driver/Src/stm32wlxx_hal_rcc_ex.o
 .text.LL_RCC_SetRTCClockSource
                0x08004290       0x2a ./Drivers/STM32WLxx_HAL_Driver/Src/stm32wlxx_hal_rcc_ex.o
 .text.LL_RCC_GetRTCClockSource
                0x080042ba       0x18 ./Drivers/STM32WLxx_HAL_Driver/Src/stm32wlxx_hal_rcc_ex.o
 .text.LL_RCC_ForceBackupDomainReset
                0x080042d2       0x20 ./Drivers/STM32WLxx_HAL_Driver/Src/stm32wlxx_hal_rcc_ex.o
 .text.LL_RCC_ReleaseBackupDomainReset
                0x080042f2       0x20 ./Drivers/STM32WLxx_HAL_Driver/Src/stm32wlxx_hal_rcc_ex.o
 *fill*         0x08004312        0x2 
 .text.HAL_RCCEx_PeriphCLKConfig
                0x08004314      0x234 ./Drivers/STM32WLxx_HAL_Driver/Src/stm32wlxx_hal_rcc_ex.o
                0x08004314                HAL_RCCEx_PeriphCLKConfig
 .text.HAL_RTC_Init
                0x08004548      0x118 ./Drivers/STM32WLxx_HAL_Driver/Src/stm32wlxx_hal_rtc.o
                0x08004548                HAL_RTC_Init
 .text.HAL_RTC_SetAlarm_IT
                0x08004660      0x218 ./Drivers/STM32WLxx_HAL_Driver/Src/stm32wlxx_hal_rtc.o
                0x08004660                HAL_RTC_SetAlarm_IT
 .text.HAL_RTC_DeactivateAlarm
                0x08004878       0xb8 ./Drivers/STM32WLxx_HAL_Driver/Src/stm32wlxx_hal_rtc.o
                0x08004878                HAL_RTC_DeactivateAlarm
 .text.HAL_RTC_AlarmIRQHandler
                0x08004930       0x54 ./Drivers/STM32WLxx_HAL_Driver/Src/stm32wlxx_hal_rtc.o
                0x08004930                HAL_RTC_AlarmIRQHandler
 .text.HAL_RTC_WaitForSynchro
                0x08004984       0x4c ./Drivers/STM32WLxx_HAL_Driver/Src/stm32wlxx_hal_rtc.o
                0x08004984                HAL_RTC_WaitForSynchro
 .text.RTC_EnterInitMode
                0x080049d0       0x68 ./Drivers/STM32WLxx_HAL_Driver/Src/stm32wlxx_hal_rtc.o
                0x080049d0                RTC_EnterInitMode
 .text.RTC_ExitInitMode
                0x08004a38       0x7c ./Drivers/STM32WLxx_HAL_Driver/Src/stm32wlxx_hal_rtc.o
                0x08004a38                RTC_ExitInitMode
 .text.RTC_ByteToBcd2
                0x08004ab4       0x3e ./Drivers/STM32WLxx_HAL_Driver/Src/stm32wlxx_hal_rtc.o
                0x08004ab4                RTC_ByteToBcd2
 *fill*         0x08004af2        0x2 
 .text.HAL_RTCEx_EnableBypassShadow
                0x08004af4       0x64 ./Drivers/STM32WLxx_HAL_Driver/Src/stm32wlxx_hal_rtc_ex.o
                0x08004af4                HAL_RTCEx_EnableBypassShadow
 .text.HAL_RTCEx_SetSSRU_IT
                0x08004b58       0x78 ./Drivers/STM32WLxx_HAL_Driver/Src/stm32wlxx_hal_rtc_ex.o
                0x08004b58                HAL_RTCEx_SetSSRU_IT
 .text.HAL_RTCEx_SSRUIRQHandler
                0x08004bd0       0x34 ./Drivers/STM32WLxx_HAL_Driver/Src/stm32wlxx_hal_rtc_ex.o
                0x08004bd0                HAL_RTCEx_SSRUIRQHandler
 .text.HAL_RTCEx_AlarmBEventCallback
                0x08004c04       0x12 ./Drivers/STM32WLxx_HAL_Driver/Src/stm32wlxx_hal_rtc_ex.o
                0x08004c04                HAL_RTCEx_AlarmBEventCallback
 *fill*         0x08004c16        0x2 
 .text.HAL_RTCEx_BKUPWrite
                0x08004c18       0x30 ./Drivers/STM32WLxx_HAL_Driver/Src/stm32wlxx_hal_rtc_ex.o
                0x08004c18                HAL_RTCEx_BKUPWrite
 .text.HAL_RTCEx_BKUPRead
                0x08004c48       0x2c ./Drivers/STM32WLxx_HAL_Driver/Src/stm32wlxx_hal_rtc_ex.o
                0x08004c48                HAL_RTCEx_BKUPRead
 .text.HAL_SPI_Init
                0x08004c74      0x1a8 ./Drivers/STM32WLxx_HAL_Driver/Src/stm32wlxx_hal_spi.o
                0x08004c74                HAL_SPI_Init
 .text.LL_PWR_SetRadioBusyTrigger
                0x08004e1c       0x28 ./Drivers/STM32WLxx_HAL_Driver/Src/stm32wlxx_hal_subghz.o
 .text.LL_PWR_UnselectSUBGHZSPI_NSS
                0x08004e44       0x20 ./Drivers/STM32WLxx_HAL_Driver/Src/stm32wlxx_hal_subghz.o
 .text.LL_PWR_SelectSUBGHZSPI_NSS
                0x08004e64       0x20 ./Drivers/STM32WLxx_HAL_Driver/Src/stm32wlxx_hal_subghz.o
 .text.LL_PWR_ClearFlag_RFBUSY
                0x08004e84       0x18 ./Drivers/STM32WLxx_HAL_Driver/Src/stm32wlxx_hal_subghz.o
 .text.LL_PWR_IsActiveFlag_RFBUSYS
                0x08004e9c       0x24 ./Drivers/STM32WLxx_HAL_Driver/Src/stm32wlxx_hal_subghz.o
 .text.LL_PWR_IsActiveFlag_RFBUSYMS
                0x08004ec0       0x24 ./Drivers/STM32WLxx_HAL_Driver/Src/stm32wlxx_hal_subghz.o
 .text.LL_RCC_RF_DisableReset
                0x08004ee4       0x20 ./Drivers/STM32WLxx_HAL_Driver/Src/stm32wlxx_hal_subghz.o
 .text.LL_RCC_IsRFUnderReset
                0x08004f04       0x24 ./Drivers/STM32WLxx_HAL_Driver/Src/stm32wlxx_hal_subghz.o
 .text.LL_EXTI_EnableIT_32_63
                0x08004f28       0x28 ./Drivers/STM32WLxx_HAL_Driver/Src/stm32wlxx_hal_subghz.o
 .text.HAL_SUBGHZ_Init
                0x08004f50       0xc8 ./Drivers/STM32WLxx_HAL_Driver/Src/stm32wlxx_hal_subghz.o
                0x08004f50                HAL_SUBGHZ_Init
 .text.HAL_SUBGHZ_WriteRegisters
                0x08005018       0xbe ./Drivers/STM32WLxx_HAL_Driver/Src/stm32wlxx_hal_subghz.o
                0x08005018                HAL_SUBGHZ_WriteRegisters
 .text.HAL_SUBGHZ_ReadRegisters
                0x080050d6       0xc2 ./Drivers/STM32WLxx_HAL_Driver/Src/stm32wlxx_hal_subghz.o
                0x080050d6                HAL_SUBGHZ_ReadRegisters
 .text.HAL_SUBGHZ_ExecSetCmd
                0x08005198       0xbe ./Drivers/STM32WLxx_HAL_Driver/Src/stm32wlxx_hal_subghz.o
                0x08005198                HAL_SUBGHZ_ExecSetCmd
 .text.HAL_SUBGHZ_ExecGetCmd
                0x08005256       0xa8 ./Drivers/STM32WLxx_HAL_Driver/Src/stm32wlxx_hal_subghz.o
                0x08005256                HAL_SUBGHZ_ExecGetCmd
 .text.HAL_SUBGHZ_WriteBuffer
                0x080052fe       0xa6 ./Drivers/STM32WLxx_HAL_Driver/Src/stm32wlxx_hal_subghz.o
                0x080052fe                HAL_SUBGHZ_WriteBuffer
 .text.HAL_SUBGHZ_ReadBuffer
                0x080053a4       0xb0 ./Drivers/STM32WLxx_HAL_Driver/Src/stm32wlxx_hal_subghz.o
                0x080053a4                HAL_SUBGHZ_ReadBuffer
 .text.HAL_SUBGHZ_IRQHandler
                0x08005454      0x128 ./Drivers/STM32WLxx_HAL_Driver/Src/stm32wlxx_hal_subghz.o
                0x08005454                HAL_SUBGHZ_IRQHandler
 .text.SUBGHZSPI_Init
                0x0800557c       0x40 ./Drivers/STM32WLxx_HAL_Driver/Src/stm32wlxx_hal_subghz.o
                0x0800557c                SUBGHZSPI_Init
 .text.SUBGHZSPI_Transmit
                0x080055bc       0xac ./Drivers/STM32WLxx_HAL_Driver/Src/stm32wlxx_hal_subghz.o
                0x080055bc                SUBGHZSPI_Transmit
 .text.SUBGHZSPI_Receive
                0x08005668       0xb0 ./Drivers/STM32WLxx_HAL_Driver/Src/stm32wlxx_hal_subghz.o
                0x08005668                SUBGHZSPI_Receive
 .text.SUBGHZ_CheckDeviceReady
                0x08005718       0x40 ./Drivers/STM32WLxx_HAL_Driver/Src/stm32wlxx_hal_subghz.o
                0x08005718                SUBGHZ_CheckDeviceReady
 .text.SUBGHZ_WaitOnBusy
                0x08005758       0x5c ./Drivers/STM32WLxx_HAL_Driver/Src/stm32wlxx_hal_subghz.o
                0x08005758                SUBGHZ_WaitOnBusy
 .text.LL_RCC_GetUSARTClockSource
                0x080057b4       0x24 ./Drivers/STM32WLxx_HAL_Driver/Src/stm32wlxx_hal_uart.o
 .text.LL_RCC_GetLPUARTClockSource
                0x080057d8       0x1e ./Drivers/STM32WLxx_HAL_Driver/Src/stm32wlxx_hal_uart.o
 .text.HAL_UART_Init
                0x080057f6       0xa0 ./Drivers/STM32WLxx_HAL_Driver/Src/stm32wlxx_hal_uart.o
                0x080057f6                HAL_UART_Init
 *fill*         0x08005896        0x2 
 .text.HAL_UART_Receive_IT
                0x08005898       0x98 ./Drivers/STM32WLxx_HAL_Driver/Src/stm32wlxx_hal_uart.o
                0x08005898                HAL_UART_Receive_IT
 .text.HAL_UART_Transmit_DMA
                0x08005930      0x100 ./Drivers/STM32WLxx_HAL_Driver/Src/stm32wlxx_hal_uart.o
                0x08005930                HAL_UART_Transmit_DMA
 .text.HAL_UART_IRQHandler
                0x08005a30      0x684 ./Drivers/STM32WLxx_HAL_Driver/Src/stm32wlxx_hal_uart.o
                0x08005a30                HAL_UART_IRQHandler
 .text.HAL_UART_TxHalfCpltCallback
                0x080060b4       0x12 ./Drivers/STM32WLxx_HAL_Driver/Src/stm32wlxx_hal_uart.o
                0x080060b4                HAL_UART_TxHalfCpltCallback
 .text.HAL_UART_ErrorCallback
                0x080060c6       0x12 ./Drivers/STM32WLxx_HAL_Driver/Src/stm32wlxx_hal_uart.o
                0x080060c6                HAL_UART_ErrorCallback
 .text.HAL_UARTEx_RxEventCallback
                0x080060d8       0x16 ./Drivers/STM32WLxx_HAL_Driver/Src/stm32wlxx_hal_uart.o
                0x080060d8                HAL_UARTEx_RxEventCallback
 *fill*         0x080060ee        0x2 
 .text.UART_SetConfig
                0x080060f0      0x4e8 ./Drivers/STM32WLxx_HAL_Driver/Src/stm32wlxx_hal_uart.o
                0x080060f0                UART_SetConfig
 .text.UART_AdvFeatureConfig
                0x080065d8      0x142 ./Drivers/STM32WLxx_HAL_Driver/Src/stm32wlxx_hal_uart.o
                0x080065d8                UART_AdvFeatureConfig
 .text.UART_CheckIdleState
                0x0800671a      0x154 ./Drivers/STM32WLxx_HAL_Driver/Src/stm32wlxx_hal_uart.o
                0x0800671a                UART_CheckIdleState
 .text.UART_WaitOnFlagUntilTimeout
                0x0800686e       0xda ./Drivers/STM32WLxx_HAL_Driver/Src/stm32wlxx_hal_uart.o
                0x0800686e                UART_WaitOnFlagUntilTimeout
 .text.UART_Start_Receive_IT
                0x08006948      0x240 ./Drivers/STM32WLxx_HAL_Driver/Src/stm32wlxx_hal_uart.o
                0x08006948                UART_Start_Receive_IT
 .text.UART_EndTxTransfer
                0x08006b88       0x80 ./Drivers/STM32WLxx_HAL_Driver/Src/stm32wlxx_hal_uart.o
 .text.UART_EndRxTransfer
                0x08006c08       0xca ./Drivers/STM32WLxx_HAL_Driver/Src/stm32wlxx_hal_uart.o
 .text.UART_DMATransmitCplt
                0x08006cd2       0x92 ./Drivers/STM32WLxx_HAL_Driver/Src/stm32wlxx_hal_uart.o
 .text.UART_DMATxHalfCplt
                0x08006d64       0x1c ./Drivers/STM32WLxx_HAL_Driver/Src/stm32wlxx_hal_uart.o
 .text.UART_DMAError
                0x08006d80       0x70 ./Drivers/STM32WLxx_HAL_Driver/Src/stm32wlxx_hal_uart.o
 .text.UART_DMAAbortOnError
                0x08006df0       0x1c ./Drivers/STM32WLxx_HAL_Driver/Src/stm32wlxx_hal_uart.o
 .text.UART_EndTransmit_IT
                0x08006e0c       0x56 ./Drivers/STM32WLxx_HAL_Driver/Src/stm32wlxx_hal_uart.o
 *fill*         0x08006e62        0x2 
 .text.UART_RxISR_8BIT
                0x08006e64      0x1b8 ./Drivers/STM32WLxx_HAL_Driver/Src/stm32wlxx_hal_uart.o
 .text.UART_RxISR_16BIT
                0x0800701c      0x1b8 ./Drivers/STM32WLxx_HAL_Driver/Src/stm32wlxx_hal_uart.o
 .text.UART_RxISR_8BIT_FIFOEN
                0x080071d4      0x364 ./Drivers/STM32WLxx_HAL_Driver/Src/stm32wlxx_hal_uart.o
 .text.UART_RxISR_16BIT_FIFOEN
                0x08007538      0x36c ./Drivers/STM32WLxx_HAL_Driver/Src/stm32wlxx_hal_uart.o
 .text.HAL_UARTEx_WakeupCallback
                0x080078a4       0x12 ./Drivers/STM32WLxx_HAL_Driver/Src/stm32wlxx_hal_uart_ex.o
                0x080078a4                HAL_UARTEx_WakeupCallback
 .text.HAL_UARTEx_RxFifoFullCallback
                0x080078b6       0x12 ./Drivers/STM32WLxx_HAL_Driver/Src/stm32wlxx_hal_uart_ex.o
                0x080078b6                HAL_UARTEx_RxFifoFullCallback
 .text.HAL_UARTEx_TxFifoEmptyCallback
                0x080078c8       0x12 ./Drivers/STM32WLxx_HAL_Driver/Src/stm32wlxx_hal_uart_ex.o
                0x080078c8                HAL_UARTEx_TxFifoEmptyCallback
 .text.HAL_UARTEx_StopModeWakeUpSourceConfig
                0x080078da       0xb6 ./Drivers/STM32WLxx_HAL_Driver/Src/stm32wlxx_hal_uart_ex.o
                0x080078da                HAL_UARTEx_StopModeWakeUpSourceConfig
 .text.HAL_UARTEx_EnableStopMode
                0x08007990       0x64 ./Drivers/STM32WLxx_HAL_Driver/Src/stm32wlxx_hal_uart_ex.o
                0x08007990                HAL_UARTEx_EnableStopMode
 .text.HAL_UARTEx_DisableFifoMode
                0x080079f4       0x70 ./Drivers/STM32WLxx_HAL_Driver/Src/stm32wlxx_hal_uart_ex.o
                0x080079f4                HAL_UARTEx_DisableFifoMode
 .text.HAL_UARTEx_SetTxFifoThreshold
                0x08007a64       0x7c ./Drivers/STM32WLxx_HAL_Driver/Src/stm32wlxx_hal_uart_ex.o
                0x08007a64                HAL_UARTEx_SetTxFifoThreshold
 .text.HAL_UARTEx_SetRxFifoThreshold
                0x08007ae0       0x7c ./Drivers/STM32WLxx_HAL_Driver/Src/stm32wlxx_hal_uart_ex.o
                0x08007ae0                HAL_UARTEx_SetRxFifoThreshold
 .text.UARTEx_Wakeup_AddressConfig
                0x08007b5c       0x44 ./Drivers/STM32WLxx_HAL_Driver/Src/stm32wlxx_hal_uart_ex.o
 .text.UARTEx_SetNbDataToProcess
                0x08007ba0       0x98 ./Drivers/STM32WLxx_HAL_Driver/Src/stm32wlxx_hal_uart_ex.o
 .text.RadioInit
                0x08007c38       0xb8 ./Middlewares/Third_Party/SubGHz_Phy/stm32_radio_driver/radio.o
 .text.RadioGetStatus
                0x08007cf0       0x2e ./Middlewares/Third_Party/SubGHz_Phy/stm32_radio_driver/radio.o
 *fill*         0x08007d1e        0x2 
 .text.RadioSetModem
                0x08007d20       0xb8 ./Middlewares/Third_Party/SubGHz_Phy/stm32_radio_driver/radio.o
 .text.RadioSetChannel
                0x08007dd8       0x16 ./Middlewares/Third_Party/SubGHz_Phy/stm32_radio_driver/radio.o
 .text.RadioIsChannelFree
                0x08007dee       0xb4 ./Middlewares/Third_Party/SubGHz_Phy/stm32_radio_driver/radio.o
 .text.RadioRandom
                0x08007ea2       0x26 ./Middlewares/Third_Party/SubGHz_Phy/stm32_radio_driver/radio.o
 .text.RadioSetRxConfig
                0x08007ec8      0x418 ./Middlewares/Third_Party/SubGHz_Phy/stm32_radio_driver/radio.o
 .text.RadioSetTxConfig
                0x080082e0      0x224 ./Middlewares/Third_Party/SubGHz_Phy/stm32_radio_driver/radio.o
 .text.RadioCheckRfFrequency
                0x08008504       0x14 ./Middlewares/Third_Party/SubGHz_Phy/stm32_radio_driver/radio.o
 .text.RadioGetLoRaBandwidthInHz
                0x08008518       0xac ./Middlewares/Third_Party/SubGHz_Phy/stm32_radio_driver/radio.o
 .text.RadioGetGfskTimeOnAirNumerator
                0x080085c4       0x54 ./Middlewares/Third_Party/SubGHz_Phy/stm32_radio_driver/radio.o
 .text.RadioGetLoRaTimeOnAirNumerator
                0x08008618      0x102 ./Middlewares/Third_Party/SubGHz_Phy/stm32_radio_driver/radio.o
 *fill*         0x0800871a        0x2 
 .text.RadioTimeOnAir
                0x0800871c       0xb0 ./Middlewares/Third_Party/SubGHz_Phy/stm32_radio_driver/radio.o
 .text.RadioSend
                0x080087cc      0x1f0 ./Middlewares/Third_Party/SubGHz_Phy/stm32_radio_driver/radio.o
 .text.RadioSleep
                0x080089bc       0x26 ./Middlewares/Third_Party/SubGHz_Phy/stm32_radio_driver/radio.o
 .text.RadioStandby
                0x080089e2        0xe ./Middlewares/Third_Party/SubGHz_Phy/stm32_radio_driver/radio.o
 .text.RadioRx  0x080089f0       0x80 ./Middlewares/Third_Party/SubGHz_Phy/stm32_radio_driver/radio.o
 .text.RadioRxBoosted
                0x08008a70       0x80 ./Middlewares/Third_Party/SubGHz_Phy/stm32_radio_driver/radio.o
 .text.RadioSetRxDutyCycle
                0x08008af0       0x48 ./Middlewares/Third_Party/SubGHz_Phy/stm32_radio_driver/radio.o
 .text.RadioStartCad
                0x08008b38       0x30 ./Middlewares/Third_Party/SubGHz_Phy/stm32_radio_driver/radio.o
 .text.RadioSetTxContinuousWave
                0x08008b68       0x64 ./Middlewares/Third_Party/SubGHz_Phy/stm32_radio_driver/radio.o
 .text.RadioRssi
                0x08008bcc       0x18 ./Middlewares/Third_Party/SubGHz_Phy/stm32_radio_driver/radio.o
 .text.RadioWrite
                0x08008be4       0x24 ./Middlewares/Third_Party/SubGHz_Phy/stm32_radio_driver/radio.o
 .text.RadioRead
                0x08008c08       0x1c ./Middlewares/Third_Party/SubGHz_Phy/stm32_radio_driver/radio.o
 .text.RadioWriteRegisters
                0x08008c24       0x26 ./Middlewares/Third_Party/SubGHz_Phy/stm32_radio_driver/radio.o
 .text.RadioReadRegisters
                0x08008c4a       0x26 ./Middlewares/Third_Party/SubGHz_Phy/stm32_radio_driver/radio.o
 .text.RadioSetMaxPayloadLength
                0x08008c70       0x5c ./Middlewares/Third_Party/SubGHz_Phy/stm32_radio_driver/radio.o
 .text.RadioSetPublicNetwork
                0x08008ccc       0x5c ./Middlewares/Third_Party/SubGHz_Phy/stm32_radio_driver/radio.o
 .text.RadioGetWakeupTime
                0x08008d28       0x10 ./Middlewares/Third_Party/SubGHz_Phy/stm32_radio_driver/radio.o
 .text.RadioOnTxTimeoutIrq
                0x08008d38       0x14 ./Middlewares/Third_Party/SubGHz_Phy/stm32_radio_driver/radio.o
 .text.RadioOnRxTimeoutIrq
                0x08008d4c       0x14 ./Middlewares/Third_Party/SubGHz_Phy/stm32_radio_driver/radio.o
 .text.RadioOnTxTimeoutProcess
                0x08008d60       0x28 ./Middlewares/Third_Party/SubGHz_Phy/stm32_radio_driver/radio.o
 .text.RadioOnRxTimeoutProcess
                0x08008d88       0x28 ./Middlewares/Third_Party/SubGHz_Phy/stm32_radio_driver/radio.o
 .text.RadioOnDioIrq
                0x08008db0       0x24 ./Middlewares/Third_Party/SubGHz_Phy/stm32_radio_driver/radio.o
 .text.RadioIrqProcess
                0x08008dd4      0x3e8 ./Middlewares/Third_Party/SubGHz_Phy/stm32_radio_driver/radio.o
 .text.RadioTxPrbs
                0x080091bc       0x38 ./Middlewares/Third_Party/SubGHz_Phy/stm32_radio_driver/radio.o
 .text.RadioTxCw
                0x080091f4       0x38 ./Middlewares/Third_Party/SubGHz_Phy/stm32_radio_driver/radio.o
 .text.payload_integration
                0x0800922c      0x124 ./Middlewares/Third_Party/SubGHz_Phy/stm32_radio_driver/radio.o
 .text.RadioSetRxGenericConfig
                0x08009350      0x38c ./Middlewares/Third_Party/SubGHz_Phy/stm32_radio_driver/radio.o
 .text.RadioSetTxGenericConfig
                0x080096dc      0x470 ./Middlewares/Third_Party/SubGHz_Phy/stm32_radio_driver/radio.o
 .text.RadioLrFhssSetCfg
                0x08009b4c       0x18 ./Middlewares/Third_Party/SubGHz_Phy/stm32_radio_driver/radio.o
 .text.RadioLrFhssGetTimeOnAirInMs
                0x08009b64       0x16 ./Middlewares/Third_Party/SubGHz_Phy/stm32_radio_driver/radio.o
 *fill*         0x08009b7a        0x2 
 .text.SUBGRF_Init
                0x08009b7c       0x90 ./Middlewares/Third_Party/SubGHz_Phy/stm32_radio_driver/radio_driver.o
                0x08009b7c                SUBGRF_Init
 .text.SUBGRF_GetOperatingMode
                0x08009c0c       0x14 ./Middlewares/Third_Party/SubGHz_Phy/stm32_radio_driver/radio_driver.o
                0x08009c0c                SUBGRF_GetOperatingMode
 .text.SUBGRF_SetPayload
                0x08009c20       0x20 ./Middlewares/Third_Party/SubGHz_Phy/stm32_radio_driver/radio_driver.o
                0x08009c20                SUBGRF_SetPayload
 .text.SUBGRF_GetPayload
                0x08009c40       0x44 ./Middlewares/Third_Party/SubGHz_Phy/stm32_radio_driver/radio_driver.o
                0x08009c40                SUBGRF_GetPayload
 .text.SUBGRF_SendPayload
                0x08009c84       0x26 ./Middlewares/Third_Party/SubGHz_Phy/stm32_radio_driver/radio_driver.o
                0x08009c84                SUBGRF_SendPayload
 .text.SUBGRF_SetSyncWord
                0x08009caa       0x1e ./Middlewares/Third_Party/SubGHz_Phy/stm32_radio_driver/radio_driver.o
                0x08009caa                SUBGRF_SetSyncWord
 .text.SUBGRF_SetCrcSeed
                0x08009cc8       0x40 ./Middlewares/Third_Party/SubGHz_Phy/stm32_radio_driver/radio_driver.o
                0x08009cc8                SUBGRF_SetCrcSeed
 .text.SUBGRF_SetCrcPolynomial
                0x08009d08       0x40 ./Middlewares/Third_Party/SubGHz_Phy/stm32_radio_driver/radio_driver.o
                0x08009d08                SUBGRF_SetCrcPolynomial
 .text.SUBGRF_SetWhiteningSeed
                0x08009d48       0x66 ./Middlewares/Third_Party/SubGHz_Phy/stm32_radio_driver/radio_driver.o
                0x08009d48                SUBGRF_SetWhiteningSeed
 .text.SUBGRF_GetRandom
                0x08009dae       0x8c ./Middlewares/Third_Party/SubGHz_Phy/stm32_radio_driver/radio_driver.o
                0x08009dae                SUBGRF_GetRandom
 *fill*         0x08009e3a        0x2 
 .text.SUBGRF_SetSleep
                0x08009e3c       0x68 ./Middlewares/Third_Party/SubGHz_Phy/stm32_radio_driver/radio_driver.o
                0x08009e3c                SUBGRF_SetSleep
 .text.SUBGRF_SetStandby
                0x08009ea4       0x38 ./Middlewares/Third_Party/SubGHz_Phy/stm32_radio_driver/radio_driver.o
                0x08009ea4                SUBGRF_SetStandby
 .text.SUBGRF_SetTx
                0x08009edc       0x40 ./Middlewares/Third_Party/SubGHz_Phy/stm32_radio_driver/radio_driver.o
                0x08009edc                SUBGRF_SetTx
 .text.SUBGRF_SetRx
                0x08009f1c       0x40 ./Middlewares/Third_Party/SubGHz_Phy/stm32_radio_driver/radio_driver.o
                0x08009f1c                SUBGRF_SetRx
 .text.SUBGRF_SetRxBoosted
                0x08009f5c       0x48 ./Middlewares/Third_Party/SubGHz_Phy/stm32_radio_driver/radio_driver.o
                0x08009f5c                SUBGRF_SetRxBoosted
 .text.SUBGRF_SetRxDutyCycle
                0x08009fa4       0x58 ./Middlewares/Third_Party/SubGHz_Phy/stm32_radio_driver/radio_driver.o
                0x08009fa4                SUBGRF_SetRxDutyCycle
 .text.SUBGRF_SetCad
                0x08009ffc       0x1c ./Middlewares/Third_Party/SubGHz_Phy/stm32_radio_driver/radio_driver.o
                0x08009ffc                SUBGRF_SetCad
 .text.SUBGRF_SetTxContinuousWave
                0x0800a018       0x12 ./Middlewares/Third_Party/SubGHz_Phy/stm32_radio_driver/radio_driver.o
                0x0800a018                SUBGRF_SetTxContinuousWave
 .text.SUBGRF_SetTxInfinitePreamble
                0x0800a02a       0x12 ./Middlewares/Third_Party/SubGHz_Phy/stm32_radio_driver/radio_driver.o
                0x0800a02a                SUBGRF_SetTxInfinitePreamble
 .text.SUBGRF_SetStopRxTimerOnPreambleDetect
                0x0800a03c       0x1e ./Middlewares/Third_Party/SubGHz_Phy/stm32_radio_driver/radio_driver.o
                0x0800a03c                SUBGRF_SetStopRxTimerOnPreambleDetect
 .text.SUBGRF_SetLoRaSymbNumTimeout
                0x0800a05a       0x5e ./Middlewares/Third_Party/SubGHz_Phy/stm32_radio_driver/radio_driver.o
                0x0800a05a                SUBGRF_SetLoRaSymbNumTimeout
 .text.SUBGRF_SetRegulatorMode
                0x0800a0b8       0x2e ./Middlewares/Third_Party/SubGHz_Phy/stm32_radio_driver/radio_driver.o
                0x0800a0b8                SUBGRF_SetRegulatorMode
 .text.SUBGRF_Calibrate
                0x0800a0e6       0x98 ./Middlewares/Third_Party/SubGHz_Phy/stm32_radio_driver/radio_driver.o
                0x0800a0e6                SUBGRF_Calibrate
 *fill*         0x0800a17e        0x2 
 .text.SUBGRF_CalibrateImage
                0x0800a180       0x94 ./Middlewares/Third_Party/SubGHz_Phy/stm32_radio_driver/radio_driver.o
                0x0800a180                SUBGRF_CalibrateImage
 .text.SUBGRF_SetPaConfig
                0x0800a214       0x44 ./Middlewares/Third_Party/SubGHz_Phy/stm32_radio_driver/radio_driver.o
                0x0800a214                SUBGRF_SetPaConfig
 .text.SUBGRF_SetDioIrqParams
                0x0800a258       0x74 ./Middlewares/Third_Party/SubGHz_Phy/stm32_radio_driver/radio_driver.o
                0x0800a258                SUBGRF_SetDioIrqParams
 .text.SUBGRF_SetTcxoMode
                0x0800a2cc       0x42 ./Middlewares/Third_Party/SubGHz_Phy/stm32_radio_driver/radio_driver.o
                0x0800a2cc                SUBGRF_SetTcxoMode
 *fill*         0x0800a30e        0x2 
 .text.SUBGRF_SetRfFrequency
                0x0800a310       0x8c ./Middlewares/Third_Party/SubGHz_Phy/stm32_radio_driver/radio_driver.o
                0x0800a310                SUBGRF_SetRfFrequency
 .text.SUBGRF_SetPacketType
                0x0800a39c       0x38 ./Middlewares/Third_Party/SubGHz_Phy/stm32_radio_driver/radio_driver.o
                0x0800a39c                SUBGRF_SetPacketType
 .text.SUBGRF_GetPacketType
                0x0800a3d4       0x14 ./Middlewares/Third_Party/SubGHz_Phy/stm32_radio_driver/radio_driver.o
                0x0800a3d4                SUBGRF_GetPacketType
 .text.SUBGRF_SetTxParams
                0x0800a3e8      0x19a ./Middlewares/Third_Party/SubGHz_Phy/stm32_radio_driver/radio_driver.o
                0x0800a3e8                SUBGRF_SetTxParams
 *fill*         0x0800a582        0x2 
 .text.SUBGRF_SetModulationParams
                0x0800a584      0x19c ./Middlewares/Third_Party/SubGHz_Phy/stm32_radio_driver/radio_driver.o
                0x0800a584                SUBGRF_SetModulationParams
 .text.SUBGRF_SetPacketParams
                0x0800a720      0x138 ./Middlewares/Third_Party/SubGHz_Phy/stm32_radio_driver/radio_driver.o
                0x0800a720                SUBGRF_SetPacketParams
 .text.SUBGRF_SetBufferBaseAddress
                0x0800a858       0x2e ./Middlewares/Third_Party/SubGHz_Phy/stm32_radio_driver/radio_driver.o
                0x0800a858                SUBGRF_SetBufferBaseAddress
 .text.SUBGRF_GetRssiInst
                0x0800a886       0x2a ./Middlewares/Third_Party/SubGHz_Phy/stm32_radio_driver/radio_driver.o
                0x0800a886                SUBGRF_GetRssiInst
 .text.SUBGRF_GetRxBufferStatus
                0x0800a8b0       0x58 ./Middlewares/Third_Party/SubGHz_Phy/stm32_radio_driver/radio_driver.o
                0x0800a8b0                SUBGRF_GetRxBufferStatus
 .text.SUBGRF_GetPacketStatus
                0x0800a908       0xa4 ./Middlewares/Third_Party/SubGHz_Phy/stm32_radio_driver/radio_driver.o
                0x0800a908                SUBGRF_GetPacketStatus
 .text.SUBGRF_WriteRegister
                0x0800a9ac       0x44 ./Middlewares/Third_Party/SubGHz_Phy/stm32_radio_driver/radio_driver.o
                0x0800a9ac                SUBGRF_WriteRegister
 .text.SUBGRF_ReadRegister
                0x0800a9f0       0x40 ./Middlewares/Third_Party/SubGHz_Phy/stm32_radio_driver/radio_driver.o
                0x0800a9f0                SUBGRF_ReadRegister
 .text.SUBGRF_WriteRegisters
                0x0800aa30       0x44 ./Middlewares/Third_Party/SubGHz_Phy/stm32_radio_driver/radio_driver.o
                0x0800aa30                SUBGRF_WriteRegisters
 .text.SUBGRF_ReadRegisters
                0x0800aa74       0x44 ./Middlewares/Third_Party/SubGHz_Phy/stm32_radio_driver/radio_driver.o
                0x0800aa74                SUBGRF_ReadRegisters
 .text.SUBGRF_WriteBuffer
                0x0800aab8       0x44 ./Middlewares/Third_Party/SubGHz_Phy/stm32_radio_driver/radio_driver.o
                0x0800aab8                SUBGRF_WriteBuffer
 .text.SUBGRF_ReadBuffer
                0x0800aafc       0x44 ./Middlewares/Third_Party/SubGHz_Phy/stm32_radio_driver/radio_driver.o
                0x0800aafc                SUBGRF_ReadBuffer
 .text.SUBGRF_WriteCommand
                0x0800ab40       0x44 ./Middlewares/Third_Party/SubGHz_Phy/stm32_radio_driver/radio_driver.o
                0x0800ab40                SUBGRF_WriteCommand
 .text.SUBGRF_ReadCommand
                0x0800ab84       0x44 ./Middlewares/Third_Party/SubGHz_Phy/stm32_radio_driver/radio_driver.o
                0x0800ab84                SUBGRF_ReadCommand
 .text.SUBGRF_SetSwitch
                0x0800abc8       0x50 ./Middlewares/Third_Party/SubGHz_Phy/stm32_radio_driver/radio_driver.o
                0x0800abc8                SUBGRF_SetSwitch
 .text.SUBGRF_SetRfTxPower
                0x0800ac18       0x68 ./Middlewares/Third_Party/SubGHz_Phy/stm32_radio_driver/radio_driver.o
                0x0800ac18                SUBGRF_SetRfTxPower
 .text.SUBGRF_GetRadioWakeUpTime
                0x0800ac80        0xe ./Middlewares/Third_Party/SubGHz_Phy/stm32_radio_driver/radio_driver.o
                0x0800ac80                SUBGRF_GetRadioWakeUpTime
 *fill*         0x0800ac8e        0x2 
 .text.HAL_SUBGHZ_TxCpltCallback
                0x0800ac90       0x1c ./Middlewares/Third_Party/SubGHz_Phy/stm32_radio_driver/radio_driver.o
                0x0800ac90                HAL_SUBGHZ_TxCpltCallback
 .text.HAL_SUBGHZ_RxCpltCallback
                0x0800acac       0x1c ./Middlewares/Third_Party/SubGHz_Phy/stm32_radio_driver/radio_driver.o
                0x0800acac                HAL_SUBGHZ_RxCpltCallback
 .text.HAL_SUBGHZ_CRCErrorCallback
                0x0800acc8       0x1c ./Middlewares/Third_Party/SubGHz_Phy/stm32_radio_driver/radio_driver.o
                0x0800acc8                HAL_SUBGHZ_CRCErrorCallback
 .text.HAL_SUBGHZ_CADStatusCallback
                0x0800ace4       0x3c ./Middlewares/Third_Party/SubGHz_Phy/stm32_radio_driver/radio_driver.o
                0x0800ace4                HAL_SUBGHZ_CADStatusCallback
 .text.HAL_SUBGHZ_RxTxTimeoutCallback
                0x0800ad20       0x20 ./Middlewares/Third_Party/SubGHz_Phy/stm32_radio_driver/radio_driver.o
                0x0800ad20                HAL_SUBGHZ_RxTxTimeoutCallback
 .text.HAL_SUBGHZ_HeaderErrorCallback
                0x0800ad40       0x1c ./Middlewares/Third_Party/SubGHz_Phy/stm32_radio_driver/radio_driver.o
                0x0800ad40                HAL_SUBGHZ_HeaderErrorCallback
 .text.HAL_SUBGHZ_PreambleDetectedCallback
                0x0800ad5c       0x1c ./Middlewares/Third_Party/SubGHz_Phy/stm32_radio_driver/radio_driver.o
                0x0800ad5c                HAL_SUBGHZ_PreambleDetectedCallback
 .text.HAL_SUBGHZ_SyncWordValidCallback
                0x0800ad78       0x1c ./Middlewares/Third_Party/SubGHz_Phy/stm32_radio_driver/radio_driver.o
                0x0800ad78                HAL_SUBGHZ_SyncWordValidCallback
 .text.HAL_SUBGHZ_HeaderValidCallback
                0x0800ad94       0x1c ./Middlewares/Third_Party/SubGHz_Phy/stm32_radio_driver/radio_driver.o
                0x0800ad94                HAL_SUBGHZ_HeaderValidCallback
 .text.HAL_SUBGHZ_LrFhssHopCallback
                0x0800adb0       0x20 ./Middlewares/Third_Party/SubGHz_Phy/stm32_radio_driver/radio_driver.o
                0x0800adb0                HAL_SUBGHZ_LrFhssHopCallback
 .text.Radio_SMPS_Set
                0x0800add0       0x42 ./Middlewares/Third_Party/SubGHz_Phy/stm32_radio_driver/radio_driver.o
 *fill*         0x0800ae12        0x2 
 .text.SUBGRF_GetFskBandwidthRegValue
                0x0800ae14       0x50 ./Middlewares/Third_Party/SubGHz_Phy/stm32_radio_driver/radio_driver.o
                0x0800ae14                SUBGRF_GetFskBandwidthRegValue
 .text.SUBGRF_GetCFO
                0x0800ae64       0xe8 ./Middlewares/Third_Party/SubGHz_Phy/stm32_radio_driver/radio_driver.o
                0x0800ae64                SUBGRF_GetCFO
 .text.RFW_TransmitLongPacket
                0x0800af4c       0x24 ./Middlewares/Third_Party/SubGHz_Phy/stm32_radio_driver/radio_fw.o
                0x0800af4c                RFW_TransmitLongPacket
 .text.RFW_ReceiveLongPacket
                0x0800af70       0x24 ./Middlewares/Third_Party/SubGHz_Phy/stm32_radio_driver/radio_fw.o
                0x0800af70                RFW_ReceiveLongPacket
 .text.RFW_Init
                0x0800af94       0x1a ./Middlewares/Third_Party/SubGHz_Phy/stm32_radio_driver/radio_fw.o
                0x0800af94                RFW_Init
 .text.RFW_DeInit
                0x0800afae        0xc ./Middlewares/Third_Party/SubGHz_Phy/stm32_radio_driver/radio_fw.o
                0x0800afae                RFW_DeInit
 .text.RFW_Is_Init
                0x0800afba        0xe ./Middlewares/Third_Party/SubGHz_Phy/stm32_radio_driver/radio_fw.o
                0x0800afba                RFW_Is_Init
 .text.RFW_Is_LongPacketModeEnabled
                0x0800afc8        0xe ./Middlewares/Third_Party/SubGHz_Phy/stm32_radio_driver/radio_fw.o
                0x0800afc8                RFW_Is_LongPacketModeEnabled
 .text.RFW_SetAntSwitch
                0x0800afd6       0x14 ./Middlewares/Third_Party/SubGHz_Phy/stm32_radio_driver/radio_fw.o
                0x0800afd6                RFW_SetAntSwitch
 .text.RFW_TransmitInit
                0x0800afea       0x20 ./Middlewares/Third_Party/SubGHz_Phy/stm32_radio_driver/radio_fw.o
                0x0800afea                RFW_TransmitInit
 .text.RFW_ReceiveInit
                0x0800b00a       0x10 ./Middlewares/Third_Party/SubGHz_Phy/stm32_radio_driver/radio_fw.o
                0x0800b00a                RFW_ReceiveInit
 .text.RFW_DeInit_TxLongPacket
                0x0800b01a        0xc ./Middlewares/Third_Party/SubGHz_Phy/stm32_radio_driver/radio_fw.o
                0x0800b01a                RFW_DeInit_TxLongPacket
 .text.RFW_ReceivePayload
                0x0800b026        0xc ./Middlewares/Third_Party/SubGHz_Phy/stm32_radio_driver/radio_fw.o
                0x0800b026                RFW_ReceivePayload
 .text.RFW_SetRadioModem
                0x0800b032       0x14 ./Middlewares/Third_Party/SubGHz_Phy/stm32_radio_driver/radio_fw.o
                0x0800b032                RFW_SetRadioModem
 .text.MX_SubGHz_Phy_Init
                0x0800b046       0x10 ./SubGHz_Phy/App/app_subghz_phy.o
                0x0800b046                MX_SubGHz_Phy_Init
 .text.MX_SubGHz_Phy_Process
                0x0800b056       0x10 ./SubGHz_Phy/App/app_subghz_phy.o
                0x0800b056                MX_SubGHz_Phy_Process
 *fill*         0x0800b066        0x2 
 .text.SubghzApp_Init
                0x0800b068       0x4c ./SubGHz_Phy/App/subghz_phy_app.o
                0x0800b068                SubghzApp_Init
 .text.OnTxDone
                0x0800b0b4        0xc ./SubGHz_Phy/App/subghz_phy_app.o
 .text.OnRxDone
                0x0800b0c0       0x24 ./SubGHz_Phy/App/subghz_phy_app.o
 .text.OnTxTimeout
                0x0800b0e4        0xc ./SubGHz_Phy/App/subghz_phy_app.o
 .text.OnRxTimeout
                0x0800b0f0        0xc ./SubGHz_Phy/App/subghz_phy_app.o
 .text.OnRxError
                0x0800b0fc        0xc ./SubGHz_Phy/App/subghz_phy_app.o
 .text.RBI_Init
                0x0800b108       0x16 ./SubGHz_Phy/Target/radio_board_if.o
                0x0800b108                RBI_Init
 .text.RBI_ConfigRFSwitch
                0x0800b11e       0x1a ./SubGHz_Phy/Target/radio_board_if.o
                0x0800b11e                RBI_ConfigRFSwitch
 .text.RBI_GetTxConfig
                0x0800b138       0x16 ./SubGHz_Phy/Target/radio_board_if.o
                0x0800b138                RBI_GetTxConfig
 .text.RBI_IsTCXO
                0x0800b14e       0x16 ./SubGHz_Phy/Target/radio_board_if.o
                0x0800b14e                RBI_IsTCXO
 .text.RBI_IsDCDC
                0x0800b164       0x16 ./SubGHz_Phy/Target/radio_board_if.o
                0x0800b164                RBI_IsDCDC
 .text.RBI_GetRFOMaxPowerConfig
                0x0800b17a       0x2a ./SubGHz_Phy/Target/radio_board_if.o
                0x0800b17a                RBI_GetRFOMaxPowerConfig
 .text.UTIL_LPM_Init
                0x0800b1a4       0x20 ./Utilities/lpm/tiny_lpm/stm32_lpm.o
                0x0800b1a4                UTIL_LPM_Init
 .text.UTIL_LPM_SetStopMode
                0x0800b1c4       0x60 ./Utilities/lpm/tiny_lpm/stm32_lpm.o
                0x0800b1c4                UTIL_LPM_SetStopMode
 .text.UTIL_LPM_SetOffMode
                0x0800b224       0x60 ./Utilities/lpm/tiny_lpm/stm32_lpm.o
                0x0800b224                UTIL_LPM_SetOffMode
 .text.UTIL_LPM_EnterLowPower
                0x0800b284       0x6c ./Utilities/lpm/tiny_lpm/stm32_lpm.o
                0x0800b284                UTIL_LPM_EnterLowPower
 .text.UTIL_MEM_cpy_8
                0x0800b2f0       0x3e ./Utilities/misc/stm32_mem.o
                0x0800b2f0                UTIL_MEM_cpy_8
 .text.UTIL_MEM_set_8
                0x0800b32e       0x36 ./Utilities/misc/stm32_mem.o
                0x0800b32e                UTIL_MEM_set_8
 .text.SysTimeAdd
                0x0800b364       0x72 ./Utilities/misc/stm32_systime.o
                0x0800b364                SysTimeAdd
 *fill*         0x0800b3d6        0x2 
 .text.SysTimeGet
                0x0800b3d8       0x70 ./Utilities/misc/stm32_systime.o
                0x0800b3d8                SysTimeGet
 .text.ee_skip_atoi
                0x0800b448       0x4c ./Utilities/misc/stm32_tiny_vsnprintf.o
 .text.ee_number
                0x0800b494      0x1dc ./Utilities/misc/stm32_tiny_vsnprintf.o
 .text.tiny_vsnprintf_like
                0x0800b670      0x2a4 ./Utilities/misc/stm32_tiny_vsnprintf.o
                0x0800b670                tiny_vsnprintf_like
 .text.UTIL_SEQ_Run
                0x0800b914      0x1f8 ./Utilities/sequencer/stm32_seq.o
                0x0800b914                UTIL_SEQ_Run
 .text.UTIL_SEQ_PreIdle
                0x0800bb0c        0xc ./Utilities/sequencer/stm32_seq.o
                0x0800bb0c                UTIL_SEQ_PreIdle
 .text.UTIL_SEQ_PostIdle
                0x0800bb18        0xc ./Utilities/sequencer/stm32_seq.o
                0x0800bb18                UTIL_SEQ_PostIdle
 .text.SEQ_BitPosition
                0x0800bb24       0x70 ./Utilities/sequencer/stm32_seq.o
                0x0800bb24                SEQ_BitPosition
 .text.UTIL_TIMER_Init
                0x0800bb94       0x20 ./Utilities/timer/stm32_timer.o
                0x0800bb94                UTIL_TIMER_Init
 .text.UTIL_TIMER_Create
                0x0800bbb4       0x6c ./Utilities/timer/stm32_timer.o
                0x0800bbb4                UTIL_TIMER_Create
 .text.UTIL_TIMER_Start
                0x0800bc20       0xdc ./Utilities/timer/stm32_timer.o
                0x0800bc20                UTIL_TIMER_Start
 .text.UTIL_TIMER_Stop
                0x0800bcfc       0xe0 ./Utilities/timer/stm32_timer.o
                0x0800bcfc                UTIL_TIMER_Stop
 .text.UTIL_TIMER_SetPeriod
                0x0800bddc       0x54 ./Utilities/timer/stm32_timer.o
                0x0800bddc                UTIL_TIMER_SetPeriod
 .text.UTIL_TIMER_IRQ_Handler
                0x0800be30      0x100 ./Utilities/timer/stm32_timer.o
                0x0800be30                UTIL_TIMER_IRQ_Handler
 .text.UTIL_TIMER_GetCurrentTime
                0x0800bf30       0x24 ./Utilities/timer/stm32_timer.o
                0x0800bf30                UTIL_TIMER_GetCurrentTime
 .text.UTIL_TIMER_GetElapsedTime
                0x0800bf54       0x38 ./Utilities/timer/stm32_timer.o
                0x0800bf54                UTIL_TIMER_GetElapsedTime
 .text.TimerExists
                0x0800bf8c       0x38 ./Utilities/timer/stm32_timer.o
                0x0800bf8c                TimerExists
 .text.TimerSetTimeout
                0x0800bfc4       0x54 ./Utilities/timer/stm32_timer.o
                0x0800bfc4                TimerSetTimeout
 .text.TimerInsertTimer
                0x0800c018       0x60 ./Utilities/timer/stm32_timer.o
                0x0800c018                TimerInsertTimer
 .text.TimerInsertNewHeadTimer
                0x0800c078       0x3c ./Utilities/timer/stm32_timer.o
                0x0800c078                TimerInsertNewHeadTimer
 .text.UTIL_ADV_TRACE_Init
                0x0800c0b4       0x38 ./Utilities/trace/adv_trace/stm32_adv_trace.o
                0x0800c0b4                UTIL_ADV_TRACE_Init
 .text.UTIL_ADV_TRACE_RegisterTimeStampFunction
                0x0800c0ec       0x1c ./Utilities/trace/adv_trace/stm32_adv_trace.o
                0x0800c0ec                UTIL_ADV_TRACE_RegisterTimeStampFunction
 .text.UTIL_ADV_TRACE_SetVerboseLevel
                0x0800c108       0x20 ./Utilities/trace/adv_trace/stm32_adv_trace.o
                0x0800c108                UTIL_ADV_TRACE_SetVerboseLevel
 .text.TRACE_TxCpltCallback
                0x0800c128      0x118 ./Utilities/trace/adv_trace/stm32_adv_trace.o
 .text.TRACE_UnLock
                0x0800c240       0x3c ./Utilities/trace/adv_trace/stm32_adv_trace.o
 .text.memset   0x0800c27c       0x10 C:/ST/STM32CubeIDE_1.19.0/STM32CubeIDE/plugins/com.st.stm32cube.ide.mcu.externaltools.gnu-tools-for-stm32.13.3.rel1.win32_1.0.100.202509120712/tools/bin/../lib/gcc/arm-none-eabi/13.3.1/../../../../arm-none-eabi/lib/thumb/v7e-m/nofp\libc_nano.a(libc_a-memset.o)
                0x0800c27c                memset
 .text.__libc_init_array
                0x0800c28c       0x48 C:/ST/STM32CubeIDE_1.19.0/STM32CubeIDE/plugins/com.st.stm32cube.ide.mcu.externaltools.gnu-tools-for-stm32.13.3.rel1.win32_1.0.100.202509120712/tools/bin/../lib/gcc/arm-none-eabi/13.3.1/../../../../arm-none-eabi/lib/thumb/v7e-m/nofp\libc_nano.a(libc_a-init.o)
                0x0800c28c                __libc_init_array
 *(.glue_7)
 .glue_7        0x0800c2d4        0x0 linker stubs
 *(.glue_7t)
 .glue_7t       0x0800c2d4        0x0 linker stubs
 *(.eh_frame)
 .eh_frame      0x0800c2d4        0x0 C:/ST/STM32CubeIDE_1.19.0/STM32CubeIDE/plugins/com.st.stm32cube.ide.mcu.externaltools.gnu-tools-for-stm32.13.3.rel1.win32_1.0.100.202509120712/tools/bin/../lib/gcc/arm-none-eabi/13.3.1/thumb/v7e-m/nofp/crtbegin.o
 *(.init)
 .init          0x0800c2d4        0x4 C:/ST/STM32CubeIDE_1.19.0/STM32CubeIDE/plugins/com.st.stm32cube.ide.mcu.externaltools.gnu-tools-for-stm32.13.3.rel1.win32_1.0.100.202509120712/tools/bin/../lib/gcc/arm-none-eabi/13.3.1/thumb/v7e-m/nofp/crti.o
                0x0800c2d4                _init
 .init          0x0800c2d8        0x8 C:/ST/STM32CubeIDE_1.19.0/STM32CubeIDE/plugins/com.st.stm32cube.ide.mcu.externaltools.gnu-tools-for-stm32.13.3.rel1.win32_1.0.100.202509120712/tools/bin/../lib/gcc/arm-none-eabi/13.3.1/thumb/v7e-m/nofp/crtn.o
 *(.fini)
 .fini          0x0800c2e0        0x4 C:/ST/STM32CubeIDE_1.19.0/STM32CubeIDE/plugins/com.st.stm32cube.ide.mcu.externaltools.gnu-tools-for-stm32.13.3.rel1.win32_1.0.100.202509120712/tools/bin/../lib/gcc/arm-none-eabi/13.3.1/thumb/v7e-m/nofp/crti.o
                0x0800c2e0                _fini
 .fini          0x0800c2e4        0x8 C:/ST/STM32CubeIDE_1.19.0/STM32CubeIDE/plugins/com.st.stm32cube.ide.mcu.externaltools.gnu-tools-for-stm32.13.3.rel1.win32_1.0.100.202509120712/tools/bin/../lib/gcc/arm-none-eabi/13.3.1/thumb/v7e-m/nofp/crtn.o
                0x0800c2ec                        . = ALIGN (0x4)
                0x0800c2ec                        _etext = .

.vfp11_veneer   0x0800c2ec        0x0
 .vfp11_veneer  0x0800c2ec        0x0 linker stubs

.v4_bx          0x0800c2ec        0x0
 .v4_bx         0x0800c2ec        0x0 linker stubs

.iplt           0x0800c2ec        0x0
 .iplt          0x0800c2ec        0x0 C:/ST/STM32CubeIDE_1.19.0/STM32CubeIDE/plugins/com.st.stm32cube.ide.mcu.externaltools.gnu-tools-for-stm32.13.3.rel1.win32_1.0.100.202509120712/tools/bin/../lib/gcc/arm-none-eabi/13.3.1/thumb/v7e-m/nofp/crtbegin.o

.rodata         0x0800c2ec      0x310
                0x0800c2ec                        . = ALIGN (0x4)
 *(.rodata)
 .rodata        0x0800c2ec        0x9 ./Core/Src/sys_app.o
 *fill*         0x0800c2f5        0x3 
 .rodata        0x0800c2f8       0x1c ./Drivers/STM32WLxx_HAL_Driver/Src/stm32wlxx_hal_rcc.o
 .rodata        0x0800c314       0x10 ./Middlewares/Third_Party/SubGHz_Phy/stm32_radio_driver/radio.o
 .rodata        0x0800c324       0x57 ./Utilities/misc/stm32_tiny_vsnprintf.o
 *(.rodata*)
 *fill*         0x0800c37b        0x1 
 .rodata.UTIL_PowerDriver
                0x0800c37c       0x18 ./Core/Src/stm32_lpm_if.o
                0x0800c37c                UTIL_PowerDriver
 .rodata.AHBPrescTable
                0x0800c394       0x40 ./Core/Src/system_stm32wlxx.o
                0x0800c394                AHBPrescTable
 .rodata.APBPrescTable
                0x0800c3d4       0x20 ./Core/Src/system_stm32wlxx.o
                0x0800c3d4                APBPrescTable
 .rodata.MSIRangeTable
                0x0800c3f4       0x40 ./Core/Src/system_stm32wlxx.o
                0x0800c3f4                MSIRangeTable
 .rodata.UTIL_TimerDriver
                0x0800c434       0x2c ./Core/Src/timer_if.o
                0x0800c434                UTIL_TimerDriver
 .rodata.UTIL_SYSTIMDriver
                0x0800c460       0x14 ./Core/Src/timer_if.o
                0x0800c460                UTIL_SYSTIMDriver
 .rodata.UTIL_TraceDriver
                0x0800c474       0x10 ./Core/Src/usart_if.o
                0x0800c474                UTIL_TraceDriver
 .rodata.UARTPrescTable
                0x0800c484       0x18 ./Drivers/STM32WLxx_HAL_Driver/Src/stm32wlxx_hal_uart.o
                0x0800c484                UARTPrescTable
 .rodata.numerator.1
                0x0800c49c        0x8 ./Drivers/STM32WLxx_HAL_Driver/Src/stm32wlxx_hal_uart_ex.o
 .rodata.denominator.0
                0x0800c4a4        0x8 ./Drivers/STM32WLxx_HAL_Driver/Src/stm32wlxx_hal_uart_ex.o
 .rodata.Radio  0x0800c4ac       0x8c ./Middlewares/Third_Party/SubGHz_Phy/stm32_radio_driver/radio.o
                0x0800c4ac                Radio
 .rodata.Bandwidths
                0x0800c538        0x3 ./Middlewares/Third_Party/SubGHz_Phy/stm32_radio_driver/radio.o
                0x0800c538                Bandwidths
 *fill*         0x0800c53b        0x1 
 .rodata.FskBandwidths
                0x0800c53c       0xb0 ./Middlewares/Third_Party/SubGHz_Phy/stm32_radio_driver/radio_driver.o
 .rodata.SEQ_clz_table_4bit
                0x0800c5ec       0x10 ./Utilities/sequencer/stm32_seq.o
                0x0800c5ec                SEQ_clz_table_4bit
                0x0800c5fc                        . = ALIGN (0x4)

.ARM.extab      0x0800c5fc        0x0
                0x0800c5fc                        . = ALIGN (0x4)
 *(.ARM.extab* .gnu.linkonce.armextab.*)
                0x0800c5fc                        . = ALIGN (0x4)

.ARM            0x0800c5fc        0x8
                0x0800c5fc                        . = ALIGN (0x4)
                0x0800c5fc                        __exidx_start = .
 *(.ARM.exidx*)
 .ARM.exidx     0x0800c5fc        0x8 C:/ST/STM32CubeIDE_1.19.0/STM32CubeIDE/plugins/com.st.stm32cube.ide.mcu.externaltools.gnu-tools-for-stm32.13.3.rel1.win32_1.0.100.202509120712/tools/bin/../lib/gcc/arm-none-eabi/13.3.1/../../../../arm-none-eabi/lib/thumb/v7e-m/nofp\libc_nano.a(libc_a-strlen.o)
 .ARM.exidx     0x0800c604        0x0 C:/ST/STM32CubeIDE_1.19.0/STM32CubeIDE/plugins/com.st.stm32cube.ide.mcu.externaltools.gnu-tools-for-stm32.13.3.rel1.win32_1.0.100.202509120712/tools/bin/../lib/gcc/arm-none-eabi/13.3.1/thumb/v7e-m/nofp\libgcc.a(_udivmoddi4.o)
                                  0x8 (size before relaxing)
                0x0800c604                        __exidx_end = .
                0x0800c604                        . = ALIGN (0x4)

.preinit_array  0x0800c604        0x0
                0x0800c604                        . = ALIGN (0x4)
                0x0800c604                        PROVIDE (__preinit_array_start = .)
 *(.preinit_array*)
                0x0800c604                        PROVIDE (__preinit_array_end = .)
                0x0800c604                        . = ALIGN (0x4)

.init_array     0x0800c604        0x4
                0x0800c604                        . = ALIGN (0x4)
                0x0800c604                        PROVIDE (__init_array_start = .)
 *(SORT_BY_NAME(.init_array.*))
 *(.init_array*)
 .init_array    0x0800c604        0x4 C:/ST/STM32CubeIDE_1.19.0/STM32CubeIDE/plugins/com.st.stm32cube.ide.mcu.externaltools.gnu-tools-for-stm32.13.3.rel1.win32_1.0.100.202509120712/tools/bin/../lib/gcc/arm-none-eabi/13.3.1/thumb/v7e-m/nofp/crtbegin.o
                0x0800c608                        PROVIDE (__init_array_end = .)
                0x0800c608                        . = ALIGN (0x4)

.fini_array     0x0800c608        0x4
                0x0800c608                        . = ALIGN (0x4)
                [!provide]                        PROVIDE (__fini_array_start = .)
 *(SORT_BY_NAME(.fini_array.*))
 *(.fini_array*)
 .fini_array    0x0800c608        0x4 C:/ST/STM32CubeIDE_1.19.0/STM32CubeIDE/plugins/com.st.stm32cube.ide.mcu.externaltools.gnu-tools-for-stm32.13.3.rel1.win32_1.0.100.202509120712/tools/bin/../lib/gcc/arm-none-eabi/13.3.1/thumb/v7e-m/nofp/crtbegin.o
                [!provide]                        PROVIDE (__fini_array_end = .)
                0x0800c60c                        . = ALIGN (0x4)
                0x0800c60c                        _sidata = LOADADDR (.data)

.rel.dyn        0x0800c60c        0x0
 .rel.iplt      0x0800c60c        0x0 C:/ST/STM32CubeIDE_1.19.0/STM32CubeIDE/plugins/com.st.stm32cube.ide.mcu.externaltools.gnu-tools-for-stm32.13.3.rel1.win32_1.0.100.202509120712/tools/bin/../lib/gcc/arm-none-eabi/13.3.1/thumb/v7e-m/nofp/crtbegin.o

.data           0x20000000       0x1c load address 0x0800c60c
                0x20000000                        . = ALIGN (0x4)
                0x20000000                        _sdata = .
 *(.data)
 *(.data*)
 .data.SystemCoreClock
                0x20000000        0x4 ./Core/Src/system_stm32wlxx.o
                0x20000000                SystemCoreClock
 .data.uwTickPrio
                0x20000004        0x4 ./Drivers/STM32WLxx_HAL_Driver/Src/stm32wlxx_hal.o
                0x20000004                uwTickPrio
 .data.uwTickFreq
                0x20000008        0x1 ./Drivers/STM32WLxx_HAL_Driver/Src/stm32wlxx_hal.o
                0x20000008                uwTickFreq
 .data.MaxPayloadLength
                0x20000009        0x1 ./Middlewares/Third_Party/SubGHz_Phy/stm32_radio_driver/radio.o
 *fill*         0x2000000a        0x2 
 .data.lower_digits
                0x2000000c        0x4 ./Utilities/misc/stm32_tiny_vsnprintf.o
 .data.upper_digits
                0x20000010        0x4 ./Utilities/misc/stm32_tiny_vsnprintf.o
 .data.TaskMask
                0x20000014        0x4 ./Utilities/sequencer/stm32_seq.o
 .data.SuperMask
                0x20000018        0x4 ./Utilities/sequencer/stm32_seq.o
 *(.RamFunc)
 *(.RamFunc*)
                0x2000001c                        . = ALIGN (0x4)
                0x2000001c                        _edata = .

.igot.plt       0x2000001c        0x0 load address 0x0800c628
 .igot.plt      0x2000001c        0x0 C:/ST/STM32CubeIDE_1.19.0/STM32CubeIDE/plugins/com.st.stm32cube.ide.mcu.externaltools.gnu-tools-for-stm32.13.3.rel1.win32_1.0.100.202509120712/tools/bin/../lib/gcc/arm-none-eabi/13.3.1/thumb/v7e-m/nofp/crtbegin.o
                0x2000001c                        . = ALIGN (0x4)

.bss            0x2000001c      0x6c4 load address 0x0800c628
                0x2000001c                        _sbss = .
                0x2000001c                        __bss_start__ = _sbss
 *(.bss)
 .bss           0x2000001c       0x1c C:/ST/STM32CubeIDE_1.19.0/STM32CubeIDE/plugins/com.st.stm32cube.ide.mcu.externaltools.gnu-tools-for-stm32.13.3.rel1.win32_1.0.100.202509120712/tools/bin/../lib/gcc/arm-none-eabi/13.3.1/thumb/v7e-m/nofp/crtbegin.o
 *(.bss*)
 .bss.hadc      0x20000038       0x64 ./Core/Src/main.o
                0x20000038                hadc
 .bss.hlpuart1  0x2000009c       0x94 ./Core/Src/main.o
                0x2000009c                hlpuart1
 .bss.huart1    0x20000130       0x94 ./Core/Src/main.o
                0x20000130                huart1
 .bss.hdma_usart1_tx
                0x200001c4       0x60 ./Core/Src/main.o
                0x200001c4                hdma_usart1_tx
 .bss.hrtc      0x20000224       0x38 ./Core/Src/main.o
                0x20000224                hrtc
 .bss.hspi1     0x2000025c       0x64 ./Core/Src/main.o
                0x2000025c                hspi1
 .bss.hsubghz   0x200002c0        0xc ./Core/Src/main.o
                0x200002c0                hsubghz
 .bss.SYS_TimerInitialisedFlag
                0x200002cc        0x1 ./Core/Src/sys_app.o
 .bss.RTC_Initialized
                0x200002cd        0x1 ./Core/Src/timer_if.o
 *fill*         0x200002ce        0x2 
 .bss.RtcTimerContext
                0x200002d0        0x4 ./Core/Src/timer_if.o
 .bss.charRx    0x200002d4        0x1 ./Core/Src/usart_if.o
                0x200002d4                charRx
 *fill*         0x200002d5        0x3 
 .bss.TxCpltCallback
                0x200002d8        0x4 ./Core/Src/usart_if.o
 .bss.RxCpltCallback
                0x200002dc        0x4 ./Core/Src/usart_if.o
 .bss.uwTick    0x200002e0        0x4 ./Drivers/STM32WLxx_HAL_Driver/Src/stm32wlxx_hal.o
                0x200002e0                uwTick
 .bss.RadioBuffer
                0x200002e4       0xff ./Middlewares/Third_Party/SubGHz_Phy/stm32_radio_driver/radio.o
 *fill*         0x200003e3        0x1 
 .bss.RadioEvents
                0x200003e4        0x4 ./Middlewares/Third_Party/SubGHz_Phy/stm32_radio_driver/radio.o
 .bss.SubgRf    0x200003e8       0x5c ./Middlewares/Third_Party/SubGHz_Phy/stm32_radio_driver/radio.o
                0x200003e8                SubgRf
 .bss.TxTimeoutTimer
                0x20000444       0x18 ./Middlewares/Third_Party/SubGHz_Phy/stm32_radio_driver/radio.o
                0x20000444                TxTimeoutTimer
 .bss.RxTimeoutTimer
                0x2000045c       0x18 ./Middlewares/Third_Party/SubGHz_Phy/stm32_radio_driver/radio.o
                0x2000045c                RxTimeoutTimer
 .bss.OperatingMode
                0x20000474        0x1 ./Middlewares/Third_Party/SubGHz_Phy/stm32_radio_driver/radio_driver.o
 .bss.PacketType
                0x20000475        0x1 ./Middlewares/Third_Party/SubGHz_Phy/stm32_radio_driver/radio_driver.o
 .bss.LoRaHeaderType